MPLINK 5.00, LINKER
Linker Map File - Created Mon Dec 01 12:54:17 2014

                                 Section Info
                  Section       Type    Address   Location Size(Bytes)
                ---------  ---------  ---------  ---------  ---------
               _entry_scn       code   0x000000    program   0x000006
           .code___init.o       code   0x000006    program   0x000002
         high_vector_addr       code   0x000008    program   0x000006
        .idata_stdout.o_i    romdata   0x00000e    program   0x000002
          low_vector_addr       code   0x000018    program   0x000006
                   .cinit    romdata   0x00001e    program   0x00001a
             .code_main.o       code   0x000038    program   0x003f8e
         .code_vfprintf.o       code   0x003fc6    program   0x000c22
          .romdata_main.o    romdata   0x004be8    program   0x0004d7
      .romdata_fxd3232u.o    romdata   0x0050bf    program   0x000000
       .idata_fxm3232.o_i    romdata   0x0050bf    program   0x000000
          .idata_putc.o_i    romdata   0x0050bf    program   0x000000
        .romdata_printf.o    romdata   0x0050bf    program   0x000000
        .romdata___init.o    romdata   0x0050bf    program   0x000000
      .romdata_spi_writ.o    romdata   0x0050bf    program   0x000000
      .idata_pw1setdc.o_i    romdata   0x0050bf    program   0x000000
        .romdata_t2open.o    romdata   0x0050bf    program   0x000000
        .idata_t2open.o_i    romdata   0x0050bf    program   0x000000
       .romdata_pw1open.o    romdata   0x0050bf    program   0x000000
      .idata_fxd1616u.o_i    romdata   0x0050bf    program   0x000000
      .romdata_fxd0808u.o    romdata   0x0050bf    program   0x000000
         .idata_c018i.o_i    romdata   0x0050bf    program   0x000000
                     PROG       code   0x0050c0    program   0x00044c
           .code_stdout.o       code   0x0050c0    program   0x000000
                   STDLIB       code   0x00550c    program   0x00021e
             .stringtable    romdata   0x00572a    program   0x0000a5
          .romdata_putc.o    romdata   0x0057cf    program   0x000000
         .romdata_c018i.o    romdata   0x0057cf    program   0x000000
       .romdata_fxm3232.o    romdata   0x0057cf    program   0x000000
      .idata_fxd3232u.o_i    romdata   0x0057cf    program   0x000000
      .idata_vfprintf.o_i    romdata   0x0057cf    program   0x000000
        .romdata_stdout.o    romdata   0x0057cf    program   0x000000
        .idata_printf.o_i    romdata   0x0057cf    program   0x000000
        .idata___init.o_i    romdata   0x0057cf    program   0x000000
      .idata_spi_writ.o_i    romdata   0x0057cf    program   0x000000
      .romdata_pw1setdc.o    romdata   0x0057cf    program   0x000000
      .idata_fxd0808u.o_i    romdata   0x0057cf    program   0x000000
      .romdata_fxd1616u.o    romdata   0x0057cf    program   0x000000
       .idata_pw1open.o_i    romdata   0x0057cf    program   0x000000
               _cinit_scn       code   0x0057d0    program   0x00009e
            .code_c018i.o       code   0x0057d0    program   0x000000
                   STRING       code   0x00586e    program   0x00009a
           .code_printf.o       code   0x005908    program   0x000098
             .code_putc.o       code   0x0059a0    program   0x000084
          .code_fxm3232.o       code   0x005a24    program   0x000070
         .code_pw1setdc.o       code   0x005a94    program   0x00005e
         .code_fxd3232u.o       code   0x005af2    program   0x000048
         .code_spi_writ.o       code   0x005b3a    program   0x00003c
           .code_t2open.o       code   0x005b76    program   0x000036
          .code_pw1open.o       code   0x005bac    program   0x000030
             D10KTCYXCODE       code   0x005bdc    program   0x00002e
         .code_fxd1616u.o       code   0x005c0a    program   0x00002c
                    CTYPE       code   0x005c36    program   0x000024
              D1KTCYXCODE       code   0x005c5a    program   0x000020
                    .code       code   0x005c7a    program   0x000020
             _startup_scn       code   0x005c9a    program   0x00001c
                    STDIO       code   0x005cb6    program   0x00001c
         .code_fxd0808u.o       code   0x005cd2    program   0x00001c
              D10TCYXCODE       code   0x005cee    program   0x000016
      .romdata_vfprintf.o    romdata   0x005d04    program   0x000011
          .idata_main.o_i    romdata   0x005d15    program   0x00009d
    .config_300001_main.o    romdata   0x300001    program   0x000001
    .config_300002_main.o    romdata   0x300002    program   0x000001
    .config_300003_main.o    romdata   0x300003    program   0x000001
    .config_300005_main.o    romdata   0x300005    program   0x000001
    .config_300006_main.o    romdata   0x300006    program   0x000001
    .config_300008_main.o    romdata   0x300008    program   0x000001
    .config_300009_main.o    romdata   0x300009    program   0x000001
    .config_30000a_main.o    romdata   0x30000a    program   0x000001
    .config_30000b_main.o    romdata   0x30000b    program   0x000001
    .config_30000c_main.o    romdata   0x30000c    program   0x000001
    .config_30000d_main.o    romdata   0x30000d    program   0x000001
                MATH_DATA      udata   0x000000       data   0x000014
                 .tmpdata      udata   0x000014       data   0x000009
               hi_isr_tmp      udata   0x00001d       data   0x000004
                DELAYDAT2      udata   0x000021       data   0x000001
                DELAYDAT1      udata   0x000022       data   0x000001
            .idata_main.o      idata   0x000100       data   0x00009d
           .udata_c018i.o      udata   0x00019d       data   0x00000a
            .udata_main.o      udata   0x0001a7       data   0x000009
          .idata_stdout.o      idata   0x0001b0       data   0x000002
          .udata___init.o      udata   0x0001b2       data   0x000000
          .idata___init.o      idata   0x0001b2       data   0x000000
          .udata_printf.o      udata   0x0001b2       data   0x000000
          .idata_printf.o      idata   0x0001b2       data   0x000000
          .udata_stdout.o      udata   0x0001b2       data   0x000000
        .udata_vfprintf.o      udata   0x0001b2       data   0x000000
        .idata_vfprintf.o      idata   0x0001b2       data   0x000000
        .udata_fxd3232u.o      udata   0x0001b2       data   0x000000
        .idata_fxd3232u.o      idata   0x0001b2       data   0x000000
         .udata_fxm3232.o      udata   0x0001b2       data   0x000000
         .idata_fxm3232.o      idata   0x0001b2       data   0x000000
            .udata_putc.o      udata   0x0001b2       data   0x000000
            .idata_putc.o      idata   0x0001b2       data   0x000000
        .idata_spi_writ.o      idata   0x0001b2       data   0x000000
        .udata_spi_writ.o      udata   0x0001b2       data   0x000000
        .idata_pw1setdc.o      idata   0x0001b2       data   0x000000
        .udata_pw1setdc.o      udata   0x0001b2       data   0x000000
          .idata_t2open.o      idata   0x0001b2       data   0x000000
          .udata_t2open.o      udata   0x0001b2       data   0x000000
         .idata_pw1open.o      idata   0x0001b2       data   0x000000
         .udata_pw1open.o      udata   0x0001b2       data   0x000000
        .idata_fxd1616u.o      idata   0x0001b2       data   0x000000
        .udata_fxd1616u.o      udata   0x0001b2       data   0x000000
        .idata_fxd0808u.o      idata   0x0001b2       data   0x000000
        .udata_fxd0808u.o      udata   0x0001b2       data   0x000000
           .idata_c018i.o      idata   0x0001b2       data   0x000000
                   .stack      udata   0x000500       data   0x000100
            SFR_UNBANKED0      udata   0x000f80       data   0x000080



                              Program Memory Usage 
                               Start         End      
                           ---------   ---------      
                            0x000000    0x00000f      
                            0x000018    0x0050be      
                            0x0050c0    0x0057ce      
                            0x0057d0    0x005db1      
                            0x300001    0x300003      
                            0x300005    0x300006      
                            0x300008    0x30000d      
            23987 out of 33048 program addresses used, program memory utilization is 72%



                              Symbols - Sorted by Name
                     Name    Address   Location    Storage File                     
                ---------  ---------  ---------  --------- ---------                
                   Buzzer   0x003292    program     extern C:\Users\DPTP\Dropbox\PIC_Programozas\P18F452\smd_forraszto_2014\fuggvenyek.c
                   D10K_1   0x005be8    program     static E:\3.46\pic18-lt\cxx-framework\src\traditional\delays\d10ktcyx.asm
                    D10Kl   0x005bf4    program     static E:\3.46\pic18-lt\cxx-framework\src\traditional\delays\d10ktcyx.asm
                    D10Kx   0x005be6    program     static E:\3.46\pic18-lt\cxx-framework\src\traditional\delays\d10ktcyx.asm
                    D10_1   0x005cfe    program     static E:\3.46\pic18-lt\cxx-framework\src\traditional\delays\d10tcyx.asm
                     D10x   0x005cf6    program     static E:\3.46\pic18-lt\cxx-framework\src\traditional\delays\d10tcyx.asm
                    D1K_1   0x005c66    program     static E:\3.46\pic18-lt\cxx-framework\src\traditional\delays\d1ktcyx.asm
                     D1Kx   0x005c64    program     static E:\3.46\pic18-lt\cxx-framework\src\traditional\delays\d1ktcyx.asm
             Delay10KTCYx   0x005bdc    program     extern E:\3.46\pic18-lt\cxx-framework\src\traditional\delays\d10ktcyx.asm
              Delay10TCYx   0x005cee    program     extern E:\3.46\pic18-lt\cxx-framework\src\traditional\delays\d10tcyx.asm
              Delay1KTCYx   0x005c5a    program     extern E:\3.46\pic18-lt\cxx-framework\src\traditional\delays\d1ktcyx.asm
                 Delay_ms   0x0002d4    program     extern C:\Users\DPTP\Dropbox\PIC_Programozas\P18F452\smd_forraszto_2014\fuggvenyek.c
               EepromRead   0x000476    program     extern C:\Users\DPTP\Dropbox\PIC_Programozas\P18F452\smd_forraszto_2014\fuggvenyek.c
              EepromWrite   0x00049a    program     extern C:\Users\DPTP\Dropbox\PIC_Programozas\P18F452\smd_forraszto_2014\fuggvenyek.c
                 FLO0832S   0x0050c4    program     extern E:\3.46\pic18-lt\cxx-framework\src\traditional\math\cast08FP.asm
                 FLO0832U   0x0050c0    program     extern E:\3.46\pic18-lt\cxx-framework\src\traditional\math\cast08FP.asm
                 FLO1632S   0x0050e6    program     extern E:\3.46\pic18-lt\cxx-framework\src\traditional\math\cast16FP.asm
                 FLO1632U   0x0050e2    program     extern E:\3.46\pic18-lt\cxx-framework\src\traditional\math\cast16FP.asm
                    FPD32   0x00510c    program     extern E:\3.46\pic18-lt\cxx-framework\src\traditional\math\divFP.asm
                    FPM32   0x0051b2    program     extern E:\3.46\pic18-lt\cxx-framework\src\traditional\math\mulFP.asm
                 FXD0808U   0x005cd2    program     extern E:\3.46\pic18-lt\cxx-framework\src\traditional\math\fxd0808u.c
                 FXD1616U   0x005c0a    program     extern E:\3.46\pic18-lt\cxx-framework\src\traditional\math\fxd1616u.c
                 FXD3232U   0x005af2    program     extern E:\3.46\pic18-lt\cxx-framework\src\traditional\math\fxd3232u.c
                 FXM1616S   0x0054b2    program     extern E:\3.46\pic18-lt\cxx-framework\src\traditional\math\fxm1616s.asm
                  FXM3232   0x005a24    program     extern E:\3.46\pic18-lt\cxx-framework\src\traditional\math\fxm3232.c
         HighInterruptIni   0x000254    program     extern C:\Users\DPTP\Dropbox\PIC_Programozas\P18F452\smd_forraszto_2014\init.c
                  INT3216   0x00528c    program     extern E:\3.46\pic18-lt\cxx-framework\src\traditional\math\castFP16.asm
          LowInterruptIni   0x000270    program     extern C:\Users\DPTP\Dropbox\PIC_Programozas\P18F452\smd_forraszto_2014\init.c
                  Max6675   0x0028a2    program     extern C:\Users\DPTP\Dropbox\PIC_Programozas\P18F452\smd_forraszto_2014\fuggvenyek.c
                  OneByte   0x005718    program     static E:\3.46\pic18-lt\cxx-framework\src\traditional\stdclib\itobcd.asm
                 OpenPWM1   0x005bac    program     extern E:\3.46\pic18-lt\cxx-framework\src\pmc_common\PWM\pw1open.c
         OpenPWM1ConfigIO   0x005bd8    program     extern E:\3.46\pic18-lt\cxx-framework\src\pmc_common\PWM\pw1open.c
               OpenTimer2   0x005b76    program     extern E:\3.46\pic18-lt\cxx-framework\src\pmc_common\Timers\t2open.c
                ProcLower   0x0056cc    program     static E:\3.46\pic18-lt\cxx-framework\src\traditional\stdclib\itoa.asm
                ProcUpper   0x0056c2    program     static E:\3.46\pic18-lt\cxx-framework\src\traditional\stdclib\itoa.asm
           RomStringWrite   0x000212    program     extern C:\Users\DPTP\Dropbox\PIC_Programozas\P18F452\smd_forraszto_2014\lcd.c
            SMD_forraszto   0x003498    program     extern C:\Users\DPTP\Dropbox\PIC_Programozas\P18F452\smd_forraszto_2014\fuggvenyek.c
                SetDCPWM1   0x005a94    program     extern E:\3.46\pic18-lt\cxx-framework\src\pmc_common\PWM\pw1setdc.c
             ShiftBitStep   0x0032e0    program     extern C:\Users\DPTP\Dropbox\PIC_Programozas\P18F452\smd_forraszto_2014\fuggvenyek.c
                  TAGTB32   0x0052ea    program     extern E:\3.46\pic18-lt\cxx-framework\src\traditional\math\gtFP.asm
               TSIGN1616A   0x0054fe    program     static E:\3.46\pic18-lt\cxx-framework\src\traditional\math\fxm1616s.asm
                 TstLower   0x0056b6    program     static E:\3.46\pic18-lt\cxx-framework\src\traditional\stdclib\itoa.asm
                 TstUpper   0x0056b0    program     static E:\3.46\pic18-lt\cxx-framework\src\traditional\stdclib\itoa.asm
   Utanhutes_relefigyeles   0x00337a    program     extern C:\Users\DPTP\Dropbox\PIC_Programozas\P18F452\smd_forraszto_2014\fuggvenyek.c
                 WriteSPI   0x005b3a    program     extern E:\3.46\pic18-lt\cxx-framework\src\pmc_common\SPI\spi_writ.c
              _2jContinue   0x00588e    program     static E:\3.46\pic18-lt\cxx-framework\src\traditional\stdclib\memset.asm
                   _2jEnd   0x0058f2    program     static E:\3.46\pic18-lt\cxx-framework\src\traditional\stdclib\slenpgm.asm
                   _3jEnd   0x005898    program     static E:\3.46\pic18-lt\cxx-framework\src\traditional\stdclib\memset.asm
       _D10KTCYXCODE_0010   0x005bec    program     static E:\3.46\pic18-lt\cxx-framework\src\traditional\delays\d10ktcyx.asm
       _D10KTCYXCODE_001C   0x005bf8    program     static E:\3.46\pic18-lt\cxx-framework\src\traditional\delays\d10ktcyx.asm
        _D10TCYXCODE_000A   0x005cf8    program     static E:\3.46\pic18-lt\cxx-framework\src\traditional\delays\d10tcyx.asm
        _D10TCYXCODE_000C   0x005cfa    program     static E:\3.46\pic18-lt\cxx-framework\src\traditional\delays\d10tcyx.asm
        _D10TCYXCODE_000E   0x005cfc    program     static E:\3.46\pic18-lt\cxx-framework\src\traditional\delays\d10tcyx.asm
        _D1KTCYXCODE_0010   0x005c6a    program     static E:\3.46\pic18-lt\cxx-framework\src\traditional\delays\d1ktcyx.asm
        _D1KTCYXCODE_0016   0x005c70    program     static E:\3.46\pic18-lt\cxx-framework\src\traditional\delays\d1ktcyx.asm
              __FpCompare   0x0052fc    program     extern E:\3.46\pic18-lt\cxx-framework\src\traditional\math\compFP.asm
                 __FpExit   0x0053b2    program     extern E:\3.46\pic18-lt\cxx-framework\src\traditional\math\packFP.asm
                 __FpPack   0x0053de    program     extern E:\3.46\pic18-lt\cxx-framework\src\traditional\math\packFP.asm
            __FpReturnNaN   0x0053a6    program     extern E:\3.46\pic18-lt\cxx-framework\src\traditional\math\packFP.asm
         __FpReturnNegInf   0x0053b8    program     extern E:\3.46\pic18-lt\cxx-framework\src\traditional\math\packFP.asm
        __FpReturnNegZero   0x0053d0    program     extern E:\3.46\pic18-lt\cxx-framework\src\traditional\math\packFP.asm
         __FpReturnPosInf   0x0053be    program     extern E:\3.46\pic18-lt\cxx-framework\src\traditional\math\packFP.asm
        __FpReturnPosZero   0x0053d8    program     extern E:\3.46\pic18-lt\cxx-framework\src\traditional\math\packFP.asm
        __FpReturnSignInf   0x0053b4    program     extern E:\3.46\pic18-lt\cxx-framework\src\traditional\math\packFP.asm
       __FpReturnSignZero   0x0053cc    program     extern E:\3.46\pic18-lt\cxx-framework\src\traditional\math\packFP.asm
              __FpReturnW   0x005436    program     extern E:\3.46\pic18-lt\cxx-framework\src\traditional\math\packFP.asm
              __FpUnPackA   0x005456    program     extern E:\3.46\pic18-lt\cxx-framework\src\traditional\math\UnpackFP.asm
              __FpUnPackB   0x005486    program     extern E:\3.46\pic18-lt\cxx-framework\src\traditional\math\UnpackFP.asm
       ___return_lbl00000   0x005c34    program     static                          
       ___return_lbl00000   0x005b38    program     static                          
       ___return_lbl00000   0x005a92    program     static                          
       ___return_lbl00000   0x005cec    program     static                          
       ___return_lbl00000   0x000004    program     static                          
       ___return_lbl00001   0x005cb4    program     static                          
       ___return_lbl00002   0x00586c    program     static                          
       ___return_lbl00411   0x00000c    program     static                          
       ___return_lbl00412   0x00001c    program     static                          
               __config_0   0x300001    program     static C:\Users\DPTP\Dropbox\PIC_Programozas\P18F452\smd_forraszto_2014\main.c
               __config_1   0x300002    program     static C:\Users\DPTP\Dropbox\PIC_Programozas\P18F452\smd_forraszto_2014\main.c
              __config_10   0x30000d    program     static C:\Users\DPTP\Dropbox\PIC_Programozas\P18F452\smd_forraszto_2014\main.c
               __config_2   0x300003    program     static C:\Users\DPTP\Dropbox\PIC_Programozas\P18F452\smd_forraszto_2014\main.c
               __config_3   0x300005    program     static C:\Users\DPTP\Dropbox\PIC_Programozas\P18F452\smd_forraszto_2014\main.c
               __config_4   0x300006    program     static C:\Users\DPTP\Dropbox\PIC_Programozas\P18F452\smd_forraszto_2014\main.c
               __config_5   0x300008    program     static C:\Users\DPTP\Dropbox\PIC_Programozas\P18F452\smd_forraszto_2014\main.c
               __config_6   0x300009    program     static C:\Users\DPTP\Dropbox\PIC_Programozas\P18F452\smd_forraszto_2014\main.c
               __config_7   0x30000a    program     static C:\Users\DPTP\Dropbox\PIC_Programozas\P18F452\smd_forraszto_2014\main.c
               __config_8   0x30000b    program     static C:\Users\DPTP\Dropbox\PIC_Programozas\P18F452\smd_forraszto_2014\main.c
               __config_9   0x30000c    program     static C:\Users\DPTP\Dropbox\PIC_Programozas\P18F452\smd_forraszto_2014\main.c
                   __init   0x000006    program     extern E:\3.46\pic18-lt\cxx-framework\src\traditional\stdclib\__init.c
                   __pa_0   0x004906    program     static E:\3.46\pic18-lt\cxx-framework\src\traditional\stdclib\vfprintf.c
                   __pa_1   0x00490e    program     static E:\3.46\pic18-lt\cxx-framework\src\traditional\stdclib\vfprintf.c
                  __pa_10   0x0049c2    program     static E:\3.46\pic18-lt\cxx-framework\src\traditional\stdclib\vfprintf.c
                  __pa_11   0x0049d0    program     static E:\3.46\pic18-lt\cxx-framework\src\traditional\stdclib\vfprintf.c
                  __pa_12   0x0049e6    program     static E:\3.46\pic18-lt\cxx-framework\src\traditional\stdclib\vfprintf.c
                  __pa_13   0x004a00    program     static E:\3.46\pic18-lt\cxx-framework\src\traditional\stdclib\vfprintf.c
                  __pa_14   0x004a18    program     static E:\3.46\pic18-lt\cxx-framework\src\traditional\stdclib\vfprintf.c
                  __pa_15   0x004a28    program     static E:\3.46\pic18-lt\cxx-framework\src\traditional\stdclib\vfprintf.c
                  __pa_16   0x004a3e    program     static E:\3.46\pic18-lt\cxx-framework\src\traditional\stdclib\vfprintf.c
                  __pa_17   0x004a50    program     static E:\3.46\pic18-lt\cxx-framework\src\traditional\stdclib\vfprintf.c
                  __pa_18   0x004a62    program     static E:\3.46\pic18-lt\cxx-framework\src\traditional\stdclib\vfprintf.c
                  __pa_19   0x004a6c    program     static E:\3.46\pic18-lt\cxx-framework\src\traditional\stdclib\vfprintf.c
                   __pa_2   0x004918    program     static E:\3.46\pic18-lt\cxx-framework\src\traditional\stdclib\vfprintf.c
                  __pa_20   0x004a7c    program     static E:\3.46\pic18-lt\cxx-framework\src\traditional\stdclib\vfprintf.c
                  __pa_21   0x004a8c    program     static E:\3.46\pic18-lt\cxx-framework\src\traditional\stdclib\vfprintf.c
                  __pa_22   0x004a9c    program     static E:\3.46\pic18-lt\cxx-framework\src\traditional\stdclib\vfprintf.c
                  __pa_23   0x004aa8    program     static E:\3.46\pic18-lt\cxx-framework\src\traditional\stdclib\vfprintf.c
                  __pa_24   0x004ab6    program     static E:\3.46\pic18-lt\cxx-framework\src\traditional\stdclib\vfprintf.c
                  __pa_25   0x004abe    program     static E:\3.46\pic18-lt\cxx-framework\src\traditional\stdclib\vfprintf.c
                  __pa_26   0x004ac8    program     static E:\3.46\pic18-lt\cxx-framework\src\traditional\stdclib\vfprintf.c
                  __pa_27   0x004ad2    program     static E:\3.46\pic18-lt\cxx-framework\src\traditional\stdclib\vfprintf.c
                  __pa_28   0x004ada    program     static E:\3.46\pic18-lt\cxx-framework\src\traditional\stdclib\vfprintf.c
                  __pa_29   0x004ae8    program     static E:\3.46\pic18-lt\cxx-framework\src\traditional\stdclib\vfprintf.c
                   __pa_3   0x004922    program     static E:\3.46\pic18-lt\cxx-framework\src\traditional\stdclib\vfprintf.c
                  __pa_30   0x004b04    program     static E:\3.46\pic18-lt\cxx-framework\src\traditional\stdclib\vfprintf.c
                  __pa_31   0x004b1e    program     static E:\3.46\pic18-lt\cxx-framework\src\traditional\stdclib\vfprintf.c
                  __pa_32   0x004b38    program     static E:\3.46\pic18-lt\cxx-framework\src\traditional\stdclib\vfprintf.c
                  __pa_33   0x004b50    program     static E:\3.46\pic18-lt\cxx-framework\src\traditional\stdclib\vfprintf.c
                  __pa_34   0x004b5a    program     static E:\3.46\pic18-lt\cxx-framework\src\traditional\stdclib\vfprintf.c
                  __pa_35   0x004b68    program     static E:\3.46\pic18-lt\cxx-framework\src\traditional\stdclib\vfprintf.c
                  __pa_36   0x004b70    program     static E:\3.46\pic18-lt\cxx-framework\src\traditional\stdclib\vfprintf.c
                  __pa_37   0x004b7a    program     static E:\3.46\pic18-lt\cxx-framework\src\traditional\stdclib\vfprintf.c
                  __pa_38   0x004b8a    program     static E:\3.46\pic18-lt\cxx-framework\src\traditional\stdclib\vfprintf.c
                  __pa_39   0x004b98    program     static E:\3.46\pic18-lt\cxx-framework\src\traditional\stdclib\vfprintf.c
                   __pa_4   0x00493a    program     static E:\3.46\pic18-lt\cxx-framework\src\traditional\stdclib\vfprintf.c
                  __pa_40   0x004ba4    program     static E:\3.46\pic18-lt\cxx-framework\src\traditional\stdclib\vfprintf.c
                  __pa_41   0x004bb0    program     static E:\3.46\pic18-lt\cxx-framework\src\traditional\stdclib\vfprintf.c
                  __pa_42   0x004bb8    program     static E:\3.46\pic18-lt\cxx-framework\src\traditional\stdclib\vfprintf.c
                  __pa_43   0x004bc2    program     static E:\3.46\pic18-lt\cxx-framework\src\traditional\stdclib\vfprintf.c
                  __pa_44   0x004bc8    program     static E:\3.46\pic18-lt\cxx-framework\src\traditional\stdclib\vfprintf.c
                  __pa_45   0x004bd2    program     static E:\3.46\pic18-lt\cxx-framework\src\traditional\stdclib\vfprintf.c
                  __pa_46   0x004bde    program     static E:\3.46\pic18-lt\cxx-framework\src\traditional\stdclib\vfprintf.c
                   __pa_5   0x00494e    program     static E:\3.46\pic18-lt\cxx-framework\src\traditional\stdclib\vfprintf.c
                   __pa_6   0x00496a    program     static E:\3.46\pic18-lt\cxx-framework\src\traditional\stdclib\vfprintf.c
                   __pa_7   0x004974    program     static E:\3.46\pic18-lt\cxx-framework\src\traditional\stdclib\vfprintf.c
                   __pa_8   0x004980    program     static E:\3.46\pic18-lt\cxx-framework\src\traditional\stdclib\vfprintf.c
                   __pa_9   0x0049a2    program     static E:\3.46\pic18-lt\cxx-framework\src\traditional\stdclib\vfprintf.c
              __string_59   0x0057ba    program     static C:\Users\DPTP\Dropbox\PIC_Programozas\P18F452\smd_forraszto_2014\main.c
              __string_60   0x0057a5    program     static C:\Users\DPTP\Dropbox\PIC_Programozas\P18F452\smd_forraszto_2014\main.c
              __string_61   0x00579b    program     static C:\Users\DPTP\Dropbox\PIC_Programozas\P18F452\smd_forraszto_2014\main.c
              __string_62   0x005783    program     static C:\Users\DPTP\Dropbox\PIC_Programozas\P18F452\smd_forraszto_2014\main.c
              __string_63   0x00576e    program     static C:\Users\DPTP\Dropbox\PIC_Programozas\P18F452\smd_forraszto_2014\main.c
              __string_64   0x005766    program     static C:\Users\DPTP\Dropbox\PIC_Programozas\P18F452\smd_forraszto_2014\main.c
              __string_65   0x00575b    program     static C:\Users\DPTP\Dropbox\PIC_Programozas\P18F452\smd_forraszto_2014\main.c
              __string_66   0x005758    program     static C:\Users\DPTP\Dropbox\PIC_Programozas\P18F452\smd_forraszto_2014\main.c
              __string_67   0x00573f    program     static C:\Users\DPTP\Dropbox\PIC_Programozas\P18F452\smd_forraszto_2014\main.c
              __string_68   0x00572a    program     static C:\Users\DPTP\Dropbox\PIC_Programozas\P18F452\smd_forraszto_2014\main.c
              __tmplbl_42   0x004a9c    program     static                          
              __tmplbl_43   0x0048e4    program     static                          
              __tmplbl_44   0x0048ca    program     static                          
              __tmplbl_85   0x00401c    program     static                          
              __tmplbl_98   0x001368    program     static                          
            __zero_memory   0x005c7a    program     extern E:\3.46\pic18-lt\cxx-framework\src\traditional\proc\p18f452.asm
                _do_cinit   0x0057d0    program     extern E:\3.46\pic18-lt\cxx-framework\src\traditional\startup\c018i.c
                   _entry   0x000000    program     extern E:\3.46\pic18-lt\cxx-framework\src\traditional\startup\c018i.c
                   _false   0x005b34    program     static                          
                 _startup   0x005c9a    program     extern E:\3.46\pic18-lt\cxx-framework\src\traditional\startup\c018i.c
              _usart_putc   0x005cb6    program     extern E:\3.46\pic18-lt\cxx-framework\src\pmc_common\USART\_usartpc.asm
               _user_putc   0x0001ea    program     extern C:\Users\DPTP\Dropbox\PIC_Programozas\P18F452\smd_forraszto_2014\lcd.c
                     atoi   0x00550c    program     extern E:\3.46\pic18-lt\cxx-framework\src\traditional\stdclib\atoi.asm
                 betoltes   0x00325c    program     extern C:\Users\DPTP\Dropbox\PIC_Programozas\P18F452\smd_forraszto_2014\fuggvenyek.c
                compare_l   0x005c90    program     static E:\3.46\pic18-lt\cxx-framework\src\traditional\proc\p18f452.asm
                copy_loop   0x005842    program     static                          
            copy_one_byte   0x005848    program     static                          
                     done   0x00586c    program     static                          
             done_copying   0x005856    program     static                          
                  endloop   0x005ce8    program     static                          
                  endloop   0x005c30    program     static                          
                   epulse   0x000038    program     extern C:\Users\DPTP\Dropbox\PIC_Programozas\P18F452\smd_forraszto_2014\lcd.c
           get_alfa_value   0x0007dc    program     extern C:\Users\DPTP\Dropbox\PIC_Programozas\P18F452\smd_forraszto_2014\fuggvenyek.c
                  get_key   0x000616    program     extern C:\Users\DPTP\Dropbox\PIC_Programozas\P18F452\smd_forraszto_2014\fuggvenyek.c
            get_num_value   0x000722    program     extern C:\Users\DPTP\Dropbox\PIC_Programozas\P18F452\smd_forraszto_2014\fuggvenyek.c
                   hi_isr   0x00359c    program     extern C:\Users\DPTP\Dropbox\PIC_Programozas\P18F452\smd_forraszto_2014\interrupt.c
              high_vector   0x000008    program     extern C:\Users\DPTP\Dropbox\PIC_Programozas\P18F452\smd_forraszto_2014\interrupt.c
            hofokatlagolo   0x002a48    program     extern C:\Users\DPTP\Dropbox\PIC_Programozas\P18F452\smd_forraszto_2014\fuggvenyek.c
                     init   0x00028c    program     extern C:\Users\DPTP\Dropbox\PIC_Programozas\P18F452\smd_forraszto_2014\init.c
                  isdigit   0x005c36    program     extern E:\3.46\pic18-lt\cxx-framework\src\traditional\stdclib\isdigit.asm
                   itoBCD   0x0056d6    program     extern E:\3.46\pic18-lt\cxx-framework\src\traditional\stdclib\itobcd.asm
                     itoa   0x0055f6    program     extern E:\3.46\pic18-lt\cxx-framework\src\traditional\stdclib\itoa.asm
                 jANotInf   0x00512a    program     static E:\3.46\pic18-lt\cxx-framework\src\traditional\math\divFP.asm
                 jANotInf   0x0051d0    program     static E:\3.46\pic18-lt\cxx-framework\src\traditional\math\mulFP.asm
                jANotZero   0x00513e    program     static E:\3.46\pic18-lt\cxx-framework\src\traditional\math\divFP.asm
                  jAisNeg   0x005378    program     static E:\3.46\pic18-lt\cxx-framework\src\traditional\math\compFP.asm
              jBothFinite   0x0051de    program     static E:\3.46\pic18-lt\cxx-framework\src\traditional\math\mulFP.asm
             jBothNotZero   0x0051ea    program     static E:\3.46\pic18-lt\cxx-framework\src\traditional\math\mulFP.asm
             jBothNotZero   0x00531a    program     static E:\3.46\pic18-lt\cxx-framework\src\traditional\math\compFP.asm
                     jDo1   0x00567c    program     static E:\3.46\pic18-lt\cxx-framework\src\traditional\stdclib\itoa.asm
                     jDo2   0x005678    program     static E:\3.46\pic18-lt\cxx-framework\src\traditional\stdclib\itoa.asm
                     jDo3   0x005674    program     static E:\3.46\pic18-lt\cxx-framework\src\traditional\stdclib\itoa.asm
                     jDo4   0x005670    program     static E:\3.46\pic18-lt\cxx-framework\src\traditional\stdclib\itoa.asm
                     jDo5   0x00566c    program     static E:\3.46\pic18-lt\cxx-framework\src\traditional\stdclib\itoa.asm
                      jEQ   0x005336    program     static E:\3.46\pic18-lt\cxx-framework\src\traditional\math\compFP.asm
                     jEnd   0x0058a0    program     static E:\3.46\pic18-lt\cxx-framework\src\traditional\stdclib\memset.asm
                     jEnd   0x0058bc    program     static E:\3.46\pic18-lt\cxx-framework\src\traditional\stdclib\strlen.asm
                     jEnd   0x005714    program     static E:\3.46\pic18-lt\cxx-framework\src\traditional\stdclib\itobcd.asm
                     jEnd   0x0058f4    program     static E:\3.46\pic18-lt\cxx-framework\src\traditional\stdclib\slenpgm.asm
                     jEnd   0x0055ca    program     static E:\3.46\pic18-lt\cxx-framework\src\traditional\stdclib\atoi.asm
                 jEndLoop   0x0055b2    program     static E:\3.46\pic18-lt\cxx-framework\src\traditional\stdclib\atoi.asm
                    jExch   0x005342    program     static E:\3.46\pic18-lt\cxx-framework\src\traditional\math\compFP.asm
                    jExit   0x0052e8    program     static E:\3.46\pic18-lt\cxx-framework\src\traditional\math\castFP16.asm
                   jExpEQ   0x005388    program     static E:\3.46\pic18-lt\cxx-framework\src\traditional\math\compFP.asm
                   jFinal   0x00536c    program     static E:\3.46\pic18-lt\cxx-framework\src\traditional\math\compFP.asm
                jHaveZero   0x0051e6    program     static E:\3.46\pic18-lt\cxx-framework\src\traditional\math\mulFP.asm
                jI2F08Beg   0x0050ce    program     static E:\3.46\pic18-lt\cxx-framework\src\traditional\math\cast08FP.asm
                jI2F16Beg   0x0050f6    program     static E:\3.46\pic18-lt\cxx-framework\src\traditional\math\cast16FP.asm
                    jLoop   0x0058dc    program     static E:\3.46\pic18-lt\cxx-framework\src\traditional\stdclib\slenpgm.asm
                    jLoop   0x005882    program     static E:\3.46\pic18-lt\cxx-framework\src\traditional\stdclib\memset.asm
                    jLoop   0x005564    program     static E:\3.46\pic18-lt\cxx-framework\src\traditional\stdclib\atoi.asm
                    jLoop   0x005166    program     static E:\3.46\pic18-lt\cxx-framework\src\traditional\math\divFP.asm
                    jLoop   0x0058b2    program     static E:\3.46\pic18-lt\cxx-framework\src\traditional\stdclib\strlen.asm
                    jLoop   0x0056ee    program     static E:\3.46\pic18-lt\cxx-framework\src\traditional\stdclib\itobcd.asm
                    jLoop   0x0052c8    program     static E:\3.46\pic18-lt\cxx-framework\src\traditional\math\castFP16.asm
                jLoopExit   0x0052d8    program     static E:\3.46\pic18-lt\cxx-framework\src\traditional\math\castFP16.asm
                   jMatch   0x005c56    program     static E:\3.46\pic18-lt\cxx-framework\src\traditional\stdclib\isdigit.asm
                     jMax   0x00529c    program     static E:\3.46\pic18-lt\cxx-framework\src\traditional\math\castFP16.asm
                  jMaxNeg   0x0052aa    program     static E:\3.46\pic18-lt\cxx-framework\src\traditional\math\castFP16.asm
                  jMaxPos   0x0052a0    program     static E:\3.46\pic18-lt\cxx-framework\src\traditional\math\castFP16.asm
                      jNE   0x00533a    program     static E:\3.46\pic18-lt\cxx-framework\src\traditional\math\compFP.asm
                    jNext   0x00518c    program     static E:\3.46\pic18-lt\cxx-framework\src\traditional\math\divFP.asm
                jNoAdjust   0x00518a    program     static E:\3.46\pic18-lt\cxx-framework\src\traditional\math\divFP.asm
                  jNoExch   0x005362    program     static E:\3.46\pic18-lt\cxx-framework\src\traditional\math\compFP.asm
                 jNoMatch   0x005c58    program     static E:\3.46\pic18-lt\cxx-framework\src\traditional\stdclib\isdigit.asm
                  jNotInf   0x0052b8    program     static E:\3.46\pic18-lt\cxx-framework\src\traditional\math\castFP16.asm
                  jPkLoop   0x0053ec    program     static E:\3.46\pic18-lt\cxx-framework\src\traditional\math\packFP.asm
             jPkRoundDone   0x005436    program     static E:\3.46\pic18-lt\cxx-framework\src\traditional\math\packFP.asm
               jPkRoundIt   0x00541e    program     static E:\3.46\pic18-lt\cxx-framework\src\traditional\math\packFP.asm
             jPkShiftDone   0x005408    program     static E:\3.46\pic18-lt\cxx-framework\src\traditional\math\packFP.asm
           jReturnPosInf0   0x0053c2    program     static E:\3.46\pic18-lt\cxx-framework\src\traditional\math\packFP.asm
                  jRotate   0x005394    program     static E:\3.46\pic18-lt\cxx-framework\src\traditional\math\compFP.asm
                   jShift   0x00537e    program     static E:\3.46\pic18-lt\cxx-framework\src\traditional\math\compFP.asm
              jSignedZero   0x005134    program     static E:\3.46\pic18-lt\cxx-framework\src\traditional\math\divFP.asm
                 jSignsEQ   0x00531e    program     static E:\3.46\pic18-lt\cxx-framework\src\traditional\math\compFP.asm
                  jSkipWS   0x00553a    program     static E:\3.46\pic18-lt\cxx-framework\src\traditional\stdclib\atoi.asm
                 jSkipWS1   0x00554c    program     static E:\3.46\pic18-lt\cxx-framework\src\traditional\stdclib\atoi.asm
                jTstLowZ1   0x0056c0    program     static E:\3.46\pic18-lt\cxx-framework\src\traditional\stdclib\itoa.asm
                 jTstSign   0x005550    program     static E:\3.46\pic18-lt\cxx-framework\src\traditional\stdclib\atoi.asm
                jTstSign1   0x00555c    program     static E:\3.46\pic18-lt\cxx-framework\src\traditional\stdclib\atoi.asm
                jTstSign1   0x005622    program     static E:\3.46\pic18-lt\cxx-framework\src\traditional\stdclib\itoa.asm
                jTstSign2   0x005562    program     static E:\3.46\pic18-lt\cxx-framework\src\traditional\stdclib\atoi.asm
                jTstSign3   0x005564    program     static E:\3.46\pic18-lt\cxx-framework\src\traditional\stdclib\atoi.asm
                  jUnpkA1   0x005460    program     static E:\3.46\pic18-lt\cxx-framework\src\traditional\math\UnpackFP.asm
                  jUnpkA2   0x005478    program     static E:\3.46\pic18-lt\cxx-framework\src\traditional\math\UnpackFP.asm
                 jUnpkANZ   0x00546e    program     static E:\3.46\pic18-lt\cxx-framework\src\traditional\math\UnpackFP.asm
                  jUnpkB1   0x005490    program     static E:\3.46\pic18-lt\cxx-framework\src\traditional\math\UnpackFP.asm
                  jUnpkB2   0x0054a8    program     static E:\3.46\pic18-lt\cxx-framework\src\traditional\math\UnpackFP.asm
                 jUnpkBNZ   0x00549e    program     static E:\3.46\pic18-lt\cxx-framework\src\traditional\math\UnpackFP.asm
                 jUnpkNaN   0x005482    program     static E:\3.46\pic18-lt\cxx-framework\src\traditional\math\UnpackFP.asm
                    jZero   0x0052b2    program     static E:\3.46\pic18-lt\cxx-framework\src\traditional\math\castFP16.asm
               jZero1and2   0x0053c6    program     static E:\3.46\pic18-lt\cxx-framework\src\traditional\math\packFP.asm
                lcd_clear   0x000460    program     extern C:\Users\DPTP\Dropbox\PIC_Programozas\P18F452\smd_forraszto_2014\fuggvenyek.c
                 lcd_init   0x00011a    program     extern C:\Users\DPTP\Dropbox\PIC_Programozas\P18F452\smd_forraszto_2014\lcd.c
                lcd_write   0x00005c    program     extern C:\Users\DPTP\Dropbox\PIC_Programozas\P18F452\smd_forraszto_2014\lcd.c
                   lo_isr   0x00399c    program     extern C:\Users\DPTP\Dropbox\PIC_Programozas\P18F452\smd_forraszto_2014\interrupt.c
                     loop   0x005caa    program     static                          
                     loop   0x005cc6    program     static E:\3.46\pic18-lt\cxx-framework\src\pmc_common\USART\_usartpc.asm
                     loop   0x005b00    program     static                          
                     loop   0x005cda    program     static                          
                     loop   0x005c14    program     static                          
                   loop_h   0x005c88    program     static E:\3.46\pic18-lt\cxx-framework\src\traditional\proc\p18f452.asm
                   loop_l   0x005c92    program     static E:\3.46\pic18-lt\cxx-framework\src\traditional\proc\p18f452.asm
               low_vector   0x000018    program     extern C:\Users\DPTP\Dropbox\PIC_Programozas\P18F452\smd_forraszto_2014\interrupt.c
                     main   0x003a5e    program     extern C:\Users\DPTP\Dropbox\PIC_Programozas\P18F452\smd_forraszto_2014\main.c
           memRead25LC640   0x0005b4    program     extern C:\Users\DPTP\Dropbox\PIC_Programozas\P18F452\smd_forraszto_2014\fuggvenyek.c
          memWrite25LC640   0x000532    program     extern C:\Users\DPTP\Dropbox\PIC_Programozas\P18F452\smd_forraszto_2014\fuggvenyek.c
                   memset   0x00586e    program     extern E:\3.46\pic18-lt\cxx-framework\src\traditional\stdclib\memset.asm
                     menu   0x0010ac    program     extern C:\Users\DPTP\Dropbox\PIC_Programozas\P18F452\smd_forraszto_2014\fuggvenyek.c
                   printf   0x005908    program     extern E:\3.46\pic18-lt\cxx-framework\src\traditional\stdclib\printf.c
             profil_lista   0x002284    program     extern C:\Users\DPTP\Dropbox\PIC_Programozas\P18F452\smd_forraszto_2014\fuggvenyek.c
           profilok_szama   0x001df4    program     extern C:\Users\DPTP\Dropbox\PIC_Programozas\P18F452\smd_forraszto_2014\fuggvenyek.c
           profilt_betolt   0x001f4a    program     extern C:\Users\DPTP\Dropbox\PIC_Programozas\P18F452\smd_forraszto_2014\fuggvenyek.c
            profilt_mutat   0x000e4e    program     extern C:\Users\DPTP\Dropbox\PIC_Programozas\P18F452\smd_forraszto_2014\fuggvenyek.c
                     putc   0x0059a0    program     extern E:\3.46\pic18-lt\cxx-framework\src\traditional\stdclib\putc.c
                 s_digits   0x005d04    program     static E:\3.46\pic18-lt\cxx-framework\src\traditional\stdclib\vfprintf.c
            s_put_n_chars   0x003fc6    program     static E:\3.46\pic18-lt\cxx-framework\src\traditional\stdclib\vfprintf.c
                   spi_io   0x0004cc    program     extern C:\Users\DPTP\Dropbox\PIC_Programozas\P18F452\smd_forraszto_2014\fuggvenyek.c
                    start   0x002b5a    program     extern C:\Users\DPTP\Dropbox\PIC_Programozas\P18F452\smd_forraszto_2014\fuggvenyek.c
                     stop   0x0030da    program     extern C:\Users\DPTP\Dropbox\PIC_Programozas\P18F452\smd_forraszto_2014\fuggvenyek.c
                   strlen   0x0058a2    program     extern E:\3.46\pic18-lt\cxx-framework\src\traditional\stdclib\strlen.asm
                strlenpgm   0x0058be    program     extern E:\3.46\pic18-lt\cxx-framework\src\traditional\stdclib\slenpgm.asm
         szamvagykarakter   0x000d8c    program     extern C:\Users\DPTP\Dropbox\PIC_Programozas\P18F452\smd_forraszto_2014\fuggvenyek.c
                 szovegek   0x004be8    program     static C:\Users\DPTP\Dropbox\PIC_Programozas\P18F452\smd_forraszto_2014\fuggvenyek.c
                     test   0x0057ea    program     static                          
                uj_profil   0x0012a6    program     extern C:\Users\DPTP\Dropbox\PIC_Programozas\P18F452\smd_forraszto_2014\fuggvenyek.c
             ventillator1   0x00032e    program     extern C:\Users\DPTP\Dropbox\PIC_Programozas\P18F452\smd_forraszto_2014\fuggvenyek.c
                 vfprintf   0x003ff2    program     extern E:\3.46\pic18-lt\cxx-framework\src\traditional\stdclib\vfprintf.c
           waitFor25LC640   0x0004f6    program     extern C:\Users\DPTP\Dropbox\PIC_Programozas\P18F452\smd_forraszto_2014\fuggvenyek.c
               zero_block   0x005c88    program     static E:\3.46\pic18-lt\cxx-framework\src\traditional\proc\p18f452.asm
                   ADCON0   0x000fc2       data     extern E:\3.46\pic18-lt\cxx-framework\src\traditional\proc\p18f452.asm
               ADCON0bits   0x000fc2       data     extern E:\3.46\pic18-lt\cxx-framework\src\traditional\proc\p18f452.asm
                   ADCON1   0x000fc1       data     extern E:\3.46\pic18-lt\cxx-framework\src\traditional\proc\p18f452.asm
               ADCON1bits   0x000fc1       data     extern E:\3.46\pic18-lt\cxx-framework\src\traditional\proc\p18f452.asm
                    ADRES   0x000fc3       data     extern E:\3.46\pic18-lt\cxx-framework\src\traditional\proc\p18f452.asm
                   ADRESH   0x000fc4       data     extern E:\3.46\pic18-lt\cxx-framework\src\traditional\proc\p18f452.asm
                   ADRESL   0x000fc3       data     extern E:\3.46\pic18-lt\cxx-framework\src\traditional\proc\p18f452.asm
             AtlagBTCount   0x000133       data     extern C:\Users\DPTP\Dropbox\PIC_Programozas\P18F452\smd_forraszto_2014\main.c
                      BSR   0x000fe0       data     extern E:\3.46\pic18-lt\cxx-framework\src\traditional\proc\p18f452.asm
                  CCP1CON   0x000fbd       data     extern E:\3.46\pic18-lt\cxx-framework\src\traditional\proc\p18f452.asm
              CCP1CONbits   0x000fbd       data     extern E:\3.46\pic18-lt\cxx-framework\src\traditional\proc\p18f452.asm
                  CCP2CON   0x000fba       data     extern E:\3.46\pic18-lt\cxx-framework\src\traditional\proc\p18f452.asm
              CCP2CONbits   0x000fba       data     extern E:\3.46\pic18-lt\cxx-framework\src\traditional\proc\p18f452.asm
                    CCPR1   0x000fbe       data     extern E:\3.46\pic18-lt\cxx-framework\src\traditional\proc\p18f452.asm
                   CCPR1H   0x000fbf       data     extern E:\3.46\pic18-lt\cxx-framework\src\traditional\proc\p18f452.asm
                   CCPR1L   0x000fbe       data     extern E:\3.46\pic18-lt\cxx-framework\src\traditional\proc\p18f452.asm
                    CCPR2   0x000fbb       data     extern E:\3.46\pic18-lt\cxx-framework\src\traditional\proc\p18f452.asm
                   CCPR2H   0x000fbc       data     extern E:\3.46\pic18-lt\cxx-framework\src\traditional\proc\p18f452.asm
                   CCPR2L   0x000fbb       data     extern E:\3.46\pic18-lt\cxx-framework\src\traditional\proc\p18f452.asm
                     DDRA   0x000f92       data     extern E:\3.46\pic18-lt\cxx-framework\src\traditional\proc\p18f452.asm
                 DDRAbits   0x000f92       data     extern E:\3.46\pic18-lt\cxx-framework\src\traditional\proc\p18f452.asm
                     DDRB   0x000f93       data     extern E:\3.46\pic18-lt\cxx-framework\src\traditional\proc\p18f452.asm
                 DDRBbits   0x000f93       data     extern E:\3.46\pic18-lt\cxx-framework\src\traditional\proc\p18f452.asm
                     DDRC   0x000f94       data     extern E:\3.46\pic18-lt\cxx-framework\src\traditional\proc\p18f452.asm
                 DDRCbits   0x000f94       data     extern E:\3.46\pic18-lt\cxx-framework\src\traditional\proc\p18f452.asm
                     DDRD   0x000f95       data     extern E:\3.46\pic18-lt\cxx-framework\src\traditional\proc\p18f452.asm
                 DDRDbits   0x000f95       data     extern E:\3.46\pic18-lt\cxx-framework\src\traditional\proc\p18f452.asm
                     DDRE   0x000f96       data     extern E:\3.46\pic18-lt\cxx-framework\src\traditional\proc\p18f452.asm
                 DDREbits   0x000f96       data     extern E:\3.46\pic18-lt\cxx-framework\src\traditional\proc\p18f452.asm
            DelayCounter1   0x000022       data     extern E:\3.46\pic18-lt\cxx-framework\src\traditional\delays\delayd1.asm
            DelayCounter2   0x000021       data     extern E:\3.46\pic18-lt\cxx-framework\src\traditional\delays\delayd2.asm
                    EEADR   0x000fa9       data     extern E:\3.46\pic18-lt\cxx-framework\src\traditional\proc\p18f452.asm
                   EECON1   0x000fa6       data     extern E:\3.46\pic18-lt\cxx-framework\src\traditional\proc\p18f452.asm
               EECON1bits   0x000fa6       data     extern E:\3.46\pic18-lt\cxx-framework\src\traditional\proc\p18f452.asm
                   EECON2   0x000fa7       data     extern E:\3.46\pic18-lt\cxx-framework\src\traditional\proc\p18f452.asm
                   EEDATA   0x000fa8       data     extern E:\3.46\pic18-lt\cxx-framework\src\traditional\proc\p18f452.asm
              ERVPROFCHAR   0x000100       data     extern C:\Users\DPTP\Dropbox\PIC_Programozas\P18F452\smd_forraszto_2014\main.c
               ERVPROFINT   0x00010f       data     extern C:\Users\DPTP\Dropbox\PIC_Programozas\P18F452\smd_forraszto_2014\main.c
                     FSR0   0x000fe9       data     extern E:\3.46\pic18-lt\cxx-framework\src\traditional\proc\p18f452.asm
                    FSR0H   0x000fea       data     extern E:\3.46\pic18-lt\cxx-framework\src\traditional\proc\p18f452.asm
                    FSR0L   0x000fe9       data     extern E:\3.46\pic18-lt\cxx-framework\src\traditional\proc\p18f452.asm
                     FSR1   0x000fe1       data     extern E:\3.46\pic18-lt\cxx-framework\src\traditional\proc\p18f452.asm
                    FSR1H   0x000fe2       data     extern E:\3.46\pic18-lt\cxx-framework\src\traditional\proc\p18f452.asm
                    FSR1L   0x000fe1       data     extern E:\3.46\pic18-lt\cxx-framework\src\traditional\proc\p18f452.asm
                     FSR2   0x000fd9       data     extern E:\3.46\pic18-lt\cxx-framework\src\traditional\proc\p18f452.asm
                    FSR2H   0x000fda       data     extern E:\3.46\pic18-lt\cxx-framework\src\traditional\proc\p18f452.asm
                    FSR2L   0x000fd9       data     extern E:\3.46\pic18-lt\cxx-framework\src\traditional\proc\p18f452.asm
             HoBufferTomb   0x000129       data     extern C:\Users\DPTP\Dropbox\PIC_Programozas\P18F452\smd_forraszto_2014\main.c
               Hofoklepes   0x0001ae       data     extern C:\Users\DPTP\Dropbox\PIC_Programozas\P18F452\smd_forraszto_2014\main.c
                    INDF0   0x000fef       data     extern E:\3.46\pic18-lt\cxx-framework\src\traditional\proc\p18f452.asm
                    INDF1   0x000fe7       data     extern E:\3.46\pic18-lt\cxx-framework\src\traditional\proc\p18f452.asm
                    INDF2   0x000fdf       data     extern E:\3.46\pic18-lt\cxx-framework\src\traditional\proc\p18f452.asm
                   INTCON   0x000ff2       data     extern E:\3.46\pic18-lt\cxx-framework\src\traditional\proc\p18f452.asm
                  INTCON1   0x000ff2       data     extern E:\3.46\pic18-lt\cxx-framework\src\traditional\proc\p18f452.asm
              INTCON1bits   0x000ff2       data     extern E:\3.46\pic18-lt\cxx-framework\src\traditional\proc\p18f452.asm
                  INTCON2   0x000ff1       data     extern E:\3.46\pic18-lt\cxx-framework\src\traditional\proc\p18f452.asm
              INTCON2bits   0x000ff1       data     extern E:\3.46\pic18-lt\cxx-framework\src\traditional\proc\p18f452.asm
                  INTCON3   0x000ff0       data     extern E:\3.46\pic18-lt\cxx-framework\src\traditional\proc\p18f452.asm
              INTCON3bits   0x000ff0       data     extern E:\3.46\pic18-lt\cxx-framework\src\traditional\proc\p18f452.asm
               INTCONbits   0x000ff2       data     extern E:\3.46\pic18-lt\cxx-framework\src\traditional\proc\p18f452.asm
                     IPR1   0x000f9f       data     extern E:\3.46\pic18-lt\cxx-framework\src\traditional\proc\p18f452.asm
                 IPR1bits   0x000f9f       data     extern E:\3.46\pic18-lt\cxx-framework\src\traditional\proc\p18f452.asm
                     IPR2   0x000fa2       data     extern E:\3.46\pic18-lt\cxx-framework\src\traditional\proc\p18f452.asm
                 IPR2bits   0x000fa2       data     extern E:\3.46\pic18-lt\cxx-framework\src\traditional\proc\p18f452.asm
                     LATA   0x000f89       data     extern E:\3.46\pic18-lt\cxx-framework\src\traditional\proc\p18f452.asm
                 LATAbits   0x000f89       data     extern E:\3.46\pic18-lt\cxx-framework\src\traditional\proc\p18f452.asm
                     LATB   0x000f8a       data     extern E:\3.46\pic18-lt\cxx-framework\src\traditional\proc\p18f452.asm
                 LATBbits   0x000f8a       data     extern E:\3.46\pic18-lt\cxx-framework\src\traditional\proc\p18f452.asm
                     LATC   0x000f8b       data     extern E:\3.46\pic18-lt\cxx-framework\src\traditional\proc\p18f452.asm
                 LATCbits   0x000f8b       data     extern E:\3.46\pic18-lt\cxx-framework\src\traditional\proc\p18f452.asm
                     LATD   0x000f8c       data     extern E:\3.46\pic18-lt\cxx-framework\src\traditional\proc\p18f452.asm
                 LATDbits   0x000f8c       data     extern E:\3.46\pic18-lt\cxx-framework\src\traditional\proc\p18f452.asm
                     LATE   0x000f8d       data     extern E:\3.46\pic18-lt\cxx-framework\src\traditional\proc\p18f452.asm
                 LATEbits   0x000f8d       data     extern E:\3.46\pic18-lt\cxx-framework\src\traditional\proc\p18f452.asm
                   LVDCON   0x000fd2       data     extern E:\3.46\pic18-lt\cxx-framework\src\traditional\proc\p18f452.asm
               LVDCONbits   0x000fd2       data     extern E:\3.46\pic18-lt\cxx-framework\src\traditional\proc\p18f452.asm
                Navigacio   0x0001af       data     extern C:\Users\DPTP\Dropbox\PIC_Programozas\P18F452\smd_forraszto_2014\main.c
                   OSCCON   0x000fd3       data     extern E:\3.46\pic18-lt\cxx-framework\src\traditional\proc\p18f452.asm
               OSCCONbits   0x000fd3       data     extern E:\3.46\pic18-lt\cxx-framework\src\traditional\proc\p18f452.asm
                       PC   0x000ff9       data     extern E:\3.46\pic18-lt\cxx-framework\src\traditional\proc\p18f452.asm
                      PCL   0x000ff9       data     extern E:\3.46\pic18-lt\cxx-framework\src\traditional\proc\p18f452.asm
                   PCLATH   0x000ffa       data     extern E:\3.46\pic18-lt\cxx-framework\src\traditional\proc\p18f452.asm
                   PCLATU   0x000ffb       data     extern E:\3.46\pic18-lt\cxx-framework\src\traditional\proc\p18f452.asm
                     PIE1   0x000f9d       data     extern E:\3.46\pic18-lt\cxx-framework\src\traditional\proc\p18f452.asm
                 PIE1bits   0x000f9d       data     extern E:\3.46\pic18-lt\cxx-framework\src\traditional\proc\p18f452.asm
                     PIE2   0x000fa0       data     extern E:\3.46\pic18-lt\cxx-framework\src\traditional\proc\p18f452.asm
                 PIE2bits   0x000fa0       data     extern E:\3.46\pic18-lt\cxx-framework\src\traditional\proc\p18f452.asm
                     PIR1   0x000f9e       data     extern E:\3.46\pic18-lt\cxx-framework\src\traditional\proc\p18f452.asm
                 PIR1bits   0x000f9e       data     extern E:\3.46\pic18-lt\cxx-framework\src\traditional\proc\p18f452.asm
                     PIR2   0x000fa1       data     extern E:\3.46\pic18-lt\cxx-framework\src\traditional\proc\p18f452.asm
                 PIR2bits   0x000fa1       data     extern E:\3.46\pic18-lt\cxx-framework\src\traditional\proc\p18f452.asm
                   PLUSW0   0x000feb       data     extern E:\3.46\pic18-lt\cxx-framework\src\traditional\proc\p18f452.asm
                   PLUSW1   0x000fe3       data     extern E:\3.46\pic18-lt\cxx-framework\src\traditional\proc\p18f452.asm
                   PLUSW2   0x000fdb       data     extern E:\3.46\pic18-lt\cxx-framework\src\traditional\proc\p18f452.asm
                    PORTA   0x000f80       data     extern E:\3.46\pic18-lt\cxx-framework\src\traditional\proc\p18f452.asm
                PORTAbits   0x000f80       data     extern E:\3.46\pic18-lt\cxx-framework\src\traditional\proc\p18f452.asm
                    PORTB   0x000f81       data     extern E:\3.46\pic18-lt\cxx-framework\src\traditional\proc\p18f452.asm
                PORTBbits   0x000f81       data     extern E:\3.46\pic18-lt\cxx-framework\src\traditional\proc\p18f452.asm
                    PORTC   0x000f82       data     extern E:\3.46\pic18-lt\cxx-framework\src\traditional\proc\p18f452.asm
                PORTCbits   0x000f82       data     extern E:\3.46\pic18-lt\cxx-framework\src\traditional\proc\p18f452.asm
                    PORTD   0x000f83       data     extern E:\3.46\pic18-lt\cxx-framework\src\traditional\proc\p18f452.asm
                PORTDbits   0x000f83       data     extern E:\3.46\pic18-lt\cxx-framework\src\traditional\proc\p18f452.asm
                    PORTE   0x000f84       data     extern E:\3.46\pic18-lt\cxx-framework\src\traditional\proc\p18f452.asm
                PORTEbits   0x000f84       data     extern E:\3.46\pic18-lt\cxx-framework\src\traditional\proc\p18f452.asm
                 POSTDEC0   0x000fed       data     extern E:\3.46\pic18-lt\cxx-framework\src\traditional\proc\p18f452.asm
                 POSTDEC1   0x000fe5       data     extern E:\3.46\pic18-lt\cxx-framework\src\traditional\proc\p18f452.asm
                 POSTDEC2   0x000fdd       data     extern E:\3.46\pic18-lt\cxx-framework\src\traditional\proc\p18f452.asm
                 POSTINC0   0x000fee       data     extern E:\3.46\pic18-lt\cxx-framework\src\traditional\proc\p18f452.asm
                 POSTINC1   0x000fe6       data     extern E:\3.46\pic18-lt\cxx-framework\src\traditional\proc\p18f452.asm
                 POSTINC2   0x000fde       data     extern E:\3.46\pic18-lt\cxx-framework\src\traditional\proc\p18f452.asm
                      PR2   0x000fcb       data     extern E:\3.46\pic18-lt\cxx-framework\src\traditional\proc\p18f452.asm
                  PREINC0   0x000fec       data     extern E:\3.46\pic18-lt\cxx-framework\src\traditional\proc\p18f452.asm
                  PREINC1   0x000fe4       data     extern E:\3.46\pic18-lt\cxx-framework\src\traditional\proc\p18f452.asm
                  PREINC2   0x000fdc       data     extern E:\3.46\pic18-lt\cxx-framework\src\traditional\proc\p18f452.asm
                     PROD   0x000ff3       data     extern E:\3.46\pic18-lt\cxx-framework\src\traditional\proc\p18f452.asm
                    PRODH   0x000ff4       data     extern E:\3.46\pic18-lt\cxx-framework\src\traditional\proc\p18f452.asm
                    PRODL   0x000ff3       data     extern E:\3.46\pic18-lt\cxx-framework\src\traditional\proc\p18f452.asm
                     RCON   0x000fd0       data     extern E:\3.46\pic18-lt\cxx-framework\src\traditional\proc\p18f452.asm
                 RCONbits   0x000fd0       data     extern E:\3.46\pic18-lt\cxx-framework\src\traditional\proc\p18f452.asm
                    RCREG   0x000fae       data     extern E:\3.46\pic18-lt\cxx-framework\src\traditional\proc\p18f452.asm
                    RCSTA   0x000fab       data     extern E:\3.46\pic18-lt\cxx-framework\src\traditional\proc\p18f452.asm
                RCSTAbits   0x000fab       data     extern E:\3.46\pic18-lt\cxx-framework\src\traditional\proc\p18f452.asm
                     SIGN   0x00000e       data     extern E:\3.46\pic18-lt\cxx-framework\src\traditional\math\cmath18.asm
                    SPBRG   0x000faf       data     extern E:\3.46\pic18-lt\cxx-framework\src\traditional\proc\p18f452.asm
                   SSPADD   0x000fc8       data     extern E:\3.46\pic18-lt\cxx-framework\src\traditional\proc\p18f452.asm
                   SSPBUF   0x000fc9       data     extern E:\3.46\pic18-lt\cxx-framework\src\traditional\proc\p18f452.asm
                  SSPCON1   0x000fc6       data     extern E:\3.46\pic18-lt\cxx-framework\src\traditional\proc\p18f452.asm
              SSPCON1bits   0x000fc6       data     extern E:\3.46\pic18-lt\cxx-framework\src\traditional\proc\p18f452.asm
                  SSPCON2   0x000fc5       data     extern E:\3.46\pic18-lt\cxx-framework\src\traditional\proc\p18f452.asm
              SSPCON2bits   0x000fc5       data     extern E:\3.46\pic18-lt\cxx-framework\src\traditional\proc\p18f452.asm
                  SSPSTAT   0x000fc7       data     extern E:\3.46\pic18-lt\cxx-framework\src\traditional\proc\p18f452.asm
              SSPSTATbits   0x000fc7       data     extern E:\3.46\pic18-lt\cxx-framework\src\traditional\proc\p18f452.asm
                   STATUS   0x000fd8       data     extern E:\3.46\pic18-lt\cxx-framework\src\traditional\proc\p18f452.asm
               STATUSbits   0x000fd8       data     extern E:\3.46\pic18-lt\cxx-framework\src\traditional\proc\p18f452.asm
                   STKPTR   0x000ffc       data     extern E:\3.46\pic18-lt\cxx-framework\src\traditional\proc\p18f452.asm
               STKPTRbits   0x000ffc       data     extern E:\3.46\pic18-lt\cxx-framework\src\traditional\proc\p18f452.asm
                    T0CON   0x000fd5       data     extern E:\3.46\pic18-lt\cxx-framework\src\traditional\proc\p18f452.asm
                T0CONbits   0x000fd5       data     extern E:\3.46\pic18-lt\cxx-framework\src\traditional\proc\p18f452.asm
                    T1CON   0x000fcd       data     extern E:\3.46\pic18-lt\cxx-framework\src\traditional\proc\p18f452.asm
                T1CONbits   0x000fcd       data     extern E:\3.46\pic18-lt\cxx-framework\src\traditional\proc\p18f452.asm
                    T2CON   0x000fca       data     extern E:\3.46\pic18-lt\cxx-framework\src\traditional\proc\p18f452.asm
                T2CONbits   0x000fca       data     extern E:\3.46\pic18-lt\cxx-framework\src\traditional\proc\p18f452.asm
                    T3CON   0x000fb1       data     extern E:\3.46\pic18-lt\cxx-framework\src\traditional\proc\p18f452.asm
                T3CONbits   0x000fb1       data     extern E:\3.46\pic18-lt\cxx-framework\src\traditional\proc\p18f452.asm
                   TABLAT   0x000ff5       data     extern E:\3.46\pic18-lt\cxx-framework\src\traditional\proc\p18f452.asm
                   TBLPTR   0x000ff6       data     extern E:\3.46\pic18-lt\cxx-framework\src\traditional\proc\p18f452.asm
                  TBLPTRH   0x000ff7       data     extern E:\3.46\pic18-lt\cxx-framework\src\traditional\proc\p18f452.asm
                  TBLPTRL   0x000ff6       data     extern E:\3.46\pic18-lt\cxx-framework\src\traditional\proc\p18f452.asm
                  TBLPTRU   0x000ff8       data     extern E:\3.46\pic18-lt\cxx-framework\src\traditional\proc\p18f452.asm
                    TMR0H   0x000fd7       data     extern E:\3.46\pic18-lt\cxx-framework\src\traditional\proc\p18f452.asm
                    TMR0L   0x000fd6       data     extern E:\3.46\pic18-lt\cxx-framework\src\traditional\proc\p18f452.asm
                    TMR1H   0x000fcf       data     extern E:\3.46\pic18-lt\cxx-framework\src\traditional\proc\p18f452.asm
                    TMR1L   0x000fce       data     extern E:\3.46\pic18-lt\cxx-framework\src\traditional\proc\p18f452.asm
                     TMR2   0x000fcc       data     extern E:\3.46\pic18-lt\cxx-framework\src\traditional\proc\p18f452.asm
                    TMR3H   0x000fb3       data     extern E:\3.46\pic18-lt\cxx-framework\src\traditional\proc\p18f452.asm
                    TMR3L   0x000fb2       data     extern E:\3.46\pic18-lt\cxx-framework\src\traditional\proc\p18f452.asm
                      TOS   0x000ffd       data     extern E:\3.46\pic18-lt\cxx-framework\src\traditional\proc\p18f452.asm
                     TOSH   0x000ffe       data     extern E:\3.46\pic18-lt\cxx-framework\src\traditional\proc\p18f452.asm
                     TOSL   0x000ffd       data     extern E:\3.46\pic18-lt\cxx-framework\src\traditional\proc\p18f452.asm
                     TOSU   0x000fff       data     extern E:\3.46\pic18-lt\cxx-framework\src\traditional\proc\p18f452.asm
                    TRISA   0x000f92       data     extern E:\3.46\pic18-lt\cxx-framework\src\traditional\proc\p18f452.asm
                TRISAbits   0x000f92       data     extern E:\3.46\pic18-lt\cxx-framework\src\traditional\proc\p18f452.asm
                    TRISB   0x000f93       data     extern E:\3.46\pic18-lt\cxx-framework\src\traditional\proc\p18f452.asm
                TRISBbits   0x000f93       data     extern E:\3.46\pic18-lt\cxx-framework\src\traditional\proc\p18f452.asm
                    TRISC   0x000f94       data     extern E:\3.46\pic18-lt\cxx-framework\src\traditional\proc\p18f452.asm
                TRISCbits   0x000f94       data     extern E:\3.46\pic18-lt\cxx-framework\src\traditional\proc\p18f452.asm
                    TRISD   0x000f95       data     extern E:\3.46\pic18-lt\cxx-framework\src\traditional\proc\p18f452.asm
                TRISDbits   0x000f95       data     extern E:\3.46\pic18-lt\cxx-framework\src\traditional\proc\p18f452.asm
                    TRISE   0x000f96       data     extern E:\3.46\pic18-lt\cxx-framework\src\traditional\proc\p18f452.asm
                TRISEbits   0x000f96       data     extern E:\3.46\pic18-lt\cxx-framework\src\traditional\proc\p18f452.asm
                    TXREG   0x000fad       data     extern E:\3.46\pic18-lt\cxx-framework\src\traditional\proc\p18f452.asm
                    TXSTA   0x000fac       data     extern E:\3.46\pic18-lt\cxx-framework\src\traditional\proc\p18f452.asm
                TXSTAbits   0x000fac       data     extern E:\3.46\pic18-lt\cxx-framework\src\traditional\proc\p18f452.asm
                     Tido   0x0001ac       data     extern C:\Users\DPTP\Dropbox\PIC_Programozas\P18F452\smd_forraszto_2014\main.c
              Timer0Count   0x0001ad       data     extern C:\Users\DPTP\Dropbox\PIC_Programozas\P18F452\smd_forraszto_2014\main.c
                        W   0x000fe8       data     extern E:\3.46\pic18-lt\cxx-framework\src\traditional\proc\p18f452.asm
                   WDTCON   0x000fd1       data     extern E:\3.46\pic18-lt\cxx-framework\src\traditional\proc\p18f452.asm
               WDTCONbits   0x000fd1       data     extern E:\3.46\pic18-lt\cxx-framework\src\traditional\proc\p18f452.asm
                     WREG   0x000fe8       data     extern E:\3.46\pic18-lt\cxx-framework\src\traditional\proc\p18f452.asm
                 __AARGB0   0x000007       data     extern E:\3.46\pic18-lt\cxx-framework\src\traditional\math\aarg.asm
                 __AARGB1   0x000006       data     extern E:\3.46\pic18-lt\cxx-framework\src\traditional\math\aarg.asm
                 __AARGB2   0x000005       data     extern E:\3.46\pic18-lt\cxx-framework\src\traditional\math\aarg.asm
                 __AARGB3   0x000004       data     extern E:\3.46\pic18-lt\cxx-framework\src\traditional\math\aarg.asm
                 __AARGB4   0x000003       data     extern E:\3.46\pic18-lt\cxx-framework\src\traditional\math\aarg.asm
                 __AARGB5   0x000002       data     extern E:\3.46\pic18-lt\cxx-framework\src\traditional\math\aarg.asm
                 __AARGB6   0x000001       data     extern E:\3.46\pic18-lt\cxx-framework\src\traditional\math\aarg.asm
                 __AARGB7   0x000000       data     extern E:\3.46\pic18-lt\cxx-framework\src\traditional\math\aarg.asm
                   __AEXP   0x000008       data     extern E:\3.46\pic18-lt\cxx-framework\src\traditional\math\aarg.asm
                 __BARGB0   0x00000c       data     extern E:\3.46\pic18-lt\cxx-framework\src\traditional\math\barg.asm
                 __BARGB1   0x00000b       data     extern E:\3.46\pic18-lt\cxx-framework\src\traditional\math\barg.asm
                 __BARGB2   0x00000a       data     extern E:\3.46\pic18-lt\cxx-framework\src\traditional\math\barg.asm
                 __BARGB3   0x000009       data     extern E:\3.46\pic18-lt\cxx-framework\src\traditional\math\barg.asm
                   __BEXP   0x00000d       data     extern E:\3.46\pic18-lt\cxx-framework\src\traditional\math\barg.asm
                __FPFLAGS   0x00000f       data     extern E:\3.46\pic18-lt\cxx-framework\src\traditional\math\cmath18.asm
            __FPFLAGSbits   0x00000f       data     extern E:\3.46\pic18-lt\cxx-framework\src\traditional\math\cmath18.asm
                  __REMB0   0x000003       data     extern E:\3.46\pic18-lt\cxx-framework\src\traditional\math\aarg.asm
                  __REMB1   0x000002       data     extern E:\3.46\pic18-lt\cxx-framework\src\traditional\math\aarg.asm
                  __REMB2   0x000001       data     extern E:\3.46\pic18-lt\cxx-framework\src\traditional\math\aarg.asm
                  __REMB3   0x000000       data     extern E:\3.46\pic18-lt\cxx-framework\src\traditional\math\aarg.asm
       __RomStringWrite:0   0x0001aa       data     extern C:\Users\DPTP\Dropbox\PIC_Programozas\P18F452\smd_forraszto_2014\lcd.c
                   __TEMP   0x000013       data     extern E:\3.46\pic18-lt\cxx-framework\src\traditional\math\temparg.asm
                 __TEMPB0   0x000013       data     extern E:\3.46\pic18-lt\cxx-framework\src\traditional\math\temparg.asm
                 __TEMPB1   0x000012       data     extern E:\3.46\pic18-lt\cxx-framework\src\traditional\math\temparg.asm
                 __TEMPB2   0x000011       data     extern E:\3.46\pic18-lt\cxx-framework\src\traditional\math\temparg.asm
                 __TEMPB3   0x000010       data     extern E:\3.46\pic18-lt\cxx-framework\src\traditional\math\temparg.asm
                  __tmp_0   0x000014       data     static E:\3.46\pic18-lt\cxx-framework\src\traditional\stdclib\vfprintf.c
                  __tmp_0   0x000014       data     static E:\3.46\pic18-lt\cxx-framework\src\traditional\stdclib\printf.c
                  __tmp_0   0x000014       data     static E:\3.46\pic18-lt\cxx-framework\src\traditional\stdclib\putc.c
                  __tmp_0   0x000014       data     static E:\3.46\pic18-lt\cxx-framework\src\pmc_common\PWM\pw1setdc.c
                  __tmp_0   0x000014       data     static C:\Users\DPTP\Dropbox\PIC_Programozas\P18F452\smd_forraszto_2014\main.c
                  __tmp_1   0x00001d       data     static C:\Users\DPTP\Dropbox\PIC_Programozas\P18F452\smd_forraszto_2014\main.c
                  alfanum   0x000134       data     static C:\Users\DPTP\Dropbox\PIC_Programozas\P18F452\smd_forraszto_2014\fuggvenyek.c
                       ch   0x0001a9       data     extern C:\Users\DPTP\Dropbox\PIC_Programozas\P18F452\smd_forraszto_2014\lcd.c
                 chk_busy   0x0001a7       data     extern C:\Users\DPTP\Dropbox\PIC_Programozas\P18F452\smd_forraszto_2014\lcd.c
                curr_byte   0x0001a0       data     static E:\3.46\pic18-lt\cxx-framework\src\traditional\startup\c018i.c
               curr_entry   0x0001a2       data     static E:\3.46\pic18-lt\cxx-framework\src\traditional\startup\c018i.c
                 data_ptr   0x0001a4       data     static E:\3.46\pic18-lt\cxx-framework\src\traditional\startup\c018i.c
                        i   0x0001a8       data     extern C:\Users\DPTP\Dropbox\PIC_Programozas\P18F452\smd_forraszto_2014\lcd.c
                     prom   0x00019d       data     static E:\3.46\pic18-lt\cxx-framework\src\traditional\startup\c018i.c
                pszovegek   0x0001aa       data     static C:\Users\DPTP\Dropbox\PIC_Programozas\P18F452\smd_forraszto_2014\lcd.c
                   stdout   0x0001b0       data     extern E:\3.46\pic18-lt\cxx-framework\src\traditional\stdclib\stdout.c



                              Symbols - Sorted by Address
                     Name    Address   Location    Storage File                     
                ---------  ---------  ---------  --------- ---------                
                   _entry   0x000000    program     extern E:\3.46\pic18-lt\cxx-framework\src\traditional\startup\c018i.c
       ___return_lbl00000   0x000004    program     static                          
                   __init   0x000006    program     extern E:\3.46\pic18-lt\cxx-framework\src\traditional\stdclib\__init.c
              high_vector   0x000008    program     extern C:\Users\DPTP\Dropbox\PIC_Programozas\P18F452\smd_forraszto_2014\interrupt.c
       ___return_lbl00411   0x00000c    program     static                          
               low_vector   0x000018    program     extern C:\Users\DPTP\Dropbox\PIC_Programozas\P18F452\smd_forraszto_2014\interrupt.c
       ___return_lbl00412   0x00001c    program     static                          
                   epulse   0x000038    program     extern C:\Users\DPTP\Dropbox\PIC_Programozas\P18F452\smd_forraszto_2014\lcd.c
                lcd_write   0x00005c    program     extern C:\Users\DPTP\Dropbox\PIC_Programozas\P18F452\smd_forraszto_2014\lcd.c
                 lcd_init   0x00011a    program     extern C:\Users\DPTP\Dropbox\PIC_Programozas\P18F452\smd_forraszto_2014\lcd.c
               _user_putc   0x0001ea    program     extern C:\Users\DPTP\Dropbox\PIC_Programozas\P18F452\smd_forraszto_2014\lcd.c
           RomStringWrite   0x000212    program     extern C:\Users\DPTP\Dropbox\PIC_Programozas\P18F452\smd_forraszto_2014\lcd.c
         HighInterruptIni   0x000254    program     extern C:\Users\DPTP\Dropbox\PIC_Programozas\P18F452\smd_forraszto_2014\init.c
          LowInterruptIni   0x000270    program     extern C:\Users\DPTP\Dropbox\PIC_Programozas\P18F452\smd_forraszto_2014\init.c
                     init   0x00028c    program     extern C:\Users\DPTP\Dropbox\PIC_Programozas\P18F452\smd_forraszto_2014\init.c
                 Delay_ms   0x0002d4    program     extern C:\Users\DPTP\Dropbox\PIC_Programozas\P18F452\smd_forraszto_2014\fuggvenyek.c
             ventillator1   0x00032e    program     extern C:\Users\DPTP\Dropbox\PIC_Programozas\P18F452\smd_forraszto_2014\fuggvenyek.c
                lcd_clear   0x000460    program     extern C:\Users\DPTP\Dropbox\PIC_Programozas\P18F452\smd_forraszto_2014\fuggvenyek.c
               EepromRead   0x000476    program     extern C:\Users\DPTP\Dropbox\PIC_Programozas\P18F452\smd_forraszto_2014\fuggvenyek.c
              EepromWrite   0x00049a    program     extern C:\Users\DPTP\Dropbox\PIC_Programozas\P18F452\smd_forraszto_2014\fuggvenyek.c
                   spi_io   0x0004cc    program     extern C:\Users\DPTP\Dropbox\PIC_Programozas\P18F452\smd_forraszto_2014\fuggvenyek.c
           waitFor25LC640   0x0004f6    program     extern C:\Users\DPTP\Dropbox\PIC_Programozas\P18F452\smd_forraszto_2014\fuggvenyek.c
          memWrite25LC640   0x000532    program     extern C:\Users\DPTP\Dropbox\PIC_Programozas\P18F452\smd_forraszto_2014\fuggvenyek.c
           memRead25LC640   0x0005b4    program     extern C:\Users\DPTP\Dropbox\PIC_Programozas\P18F452\smd_forraszto_2014\fuggvenyek.c
                  get_key   0x000616    program     extern C:\Users\DPTP\Dropbox\PIC_Programozas\P18F452\smd_forraszto_2014\fuggvenyek.c
            get_num_value   0x000722    program     extern C:\Users\DPTP\Dropbox\PIC_Programozas\P18F452\smd_forraszto_2014\fuggvenyek.c
           get_alfa_value   0x0007dc    program     extern C:\Users\DPTP\Dropbox\PIC_Programozas\P18F452\smd_forraszto_2014\fuggvenyek.c
         szamvagykarakter   0x000d8c    program     extern C:\Users\DPTP\Dropbox\PIC_Programozas\P18F452\smd_forraszto_2014\fuggvenyek.c
            profilt_mutat   0x000e4e    program     extern C:\Users\DPTP\Dropbox\PIC_Programozas\P18F452\smd_forraszto_2014\fuggvenyek.c
                     menu   0x0010ac    program     extern C:\Users\DPTP\Dropbox\PIC_Programozas\P18F452\smd_forraszto_2014\fuggvenyek.c
                uj_profil   0x0012a6    program     extern C:\Users\DPTP\Dropbox\PIC_Programozas\P18F452\smd_forraszto_2014\fuggvenyek.c
              __tmplbl_98   0x001368    program     static                          
           profilok_szama   0x001df4    program     extern C:\Users\DPTP\Dropbox\PIC_Programozas\P18F452\smd_forraszto_2014\fuggvenyek.c
           profilt_betolt   0x001f4a    program     extern C:\Users\DPTP\Dropbox\PIC_Programozas\P18F452\smd_forraszto_2014\fuggvenyek.c
             profil_lista   0x002284    program     extern C:\Users\DPTP\Dropbox\PIC_Programozas\P18F452\smd_forraszto_2014\fuggvenyek.c
                  Max6675   0x0028a2    program     extern C:\Users\DPTP\Dropbox\PIC_Programozas\P18F452\smd_forraszto_2014\fuggvenyek.c
            hofokatlagolo   0x002a48    program     extern C:\Users\DPTP\Dropbox\PIC_Programozas\P18F452\smd_forraszto_2014\fuggvenyek.c
                    start   0x002b5a    program     extern C:\Users\DPTP\Dropbox\PIC_Programozas\P18F452\smd_forraszto_2014\fuggvenyek.c
                     stop   0x0030da    program     extern C:\Users\DPTP\Dropbox\PIC_Programozas\P18F452\smd_forraszto_2014\fuggvenyek.c
                 betoltes   0x00325c    program     extern C:\Users\DPTP\Dropbox\PIC_Programozas\P18F452\smd_forraszto_2014\fuggvenyek.c
                   Buzzer   0x003292    program     extern C:\Users\DPTP\Dropbox\PIC_Programozas\P18F452\smd_forraszto_2014\fuggvenyek.c
             ShiftBitStep   0x0032e0    program     extern C:\Users\DPTP\Dropbox\PIC_Programozas\P18F452\smd_forraszto_2014\fuggvenyek.c
   Utanhutes_relefigyeles   0x00337a    program     extern C:\Users\DPTP\Dropbox\PIC_Programozas\P18F452\smd_forraszto_2014\fuggvenyek.c
            SMD_forraszto   0x003498    program     extern C:\Users\DPTP\Dropbox\PIC_Programozas\P18F452\smd_forraszto_2014\fuggvenyek.c
                   hi_isr   0x00359c    program     extern C:\Users\DPTP\Dropbox\PIC_Programozas\P18F452\smd_forraszto_2014\interrupt.c
                   lo_isr   0x00399c    program     extern C:\Users\DPTP\Dropbox\PIC_Programozas\P18F452\smd_forraszto_2014\interrupt.c
                     main   0x003a5e    program     extern C:\Users\DPTP\Dropbox\PIC_Programozas\P18F452\smd_forraszto_2014\main.c
            s_put_n_chars   0x003fc6    program     static E:\3.46\pic18-lt\cxx-framework\src\traditional\stdclib\vfprintf.c
                 vfprintf   0x003ff2    program     extern E:\3.46\pic18-lt\cxx-framework\src\traditional\stdclib\vfprintf.c
              __tmplbl_85   0x00401c    program     static                          
              __tmplbl_44   0x0048ca    program     static                          
              __tmplbl_43   0x0048e4    program     static                          
                   __pa_0   0x004906    program     static E:\3.46\pic18-lt\cxx-framework\src\traditional\stdclib\vfprintf.c
                   __pa_1   0x00490e    program     static E:\3.46\pic18-lt\cxx-framework\src\traditional\stdclib\vfprintf.c
                   __pa_2   0x004918    program     static E:\3.46\pic18-lt\cxx-framework\src\traditional\stdclib\vfprintf.c
                   __pa_3   0x004922    program     static E:\3.46\pic18-lt\cxx-framework\src\traditional\stdclib\vfprintf.c
                   __pa_4   0x00493a    program     static E:\3.46\pic18-lt\cxx-framework\src\traditional\stdclib\vfprintf.c
                   __pa_5   0x00494e    program     static E:\3.46\pic18-lt\cxx-framework\src\traditional\stdclib\vfprintf.c
                   __pa_6   0x00496a    program     static E:\3.46\pic18-lt\cxx-framework\src\traditional\stdclib\vfprintf.c
                   __pa_7   0x004974    program     static E:\3.46\pic18-lt\cxx-framework\src\traditional\stdclib\vfprintf.c
                   __pa_8   0x004980    program     static E:\3.46\pic18-lt\cxx-framework\src\traditional\stdclib\vfprintf.c
                   __pa_9   0x0049a2    program     static E:\3.46\pic18-lt\cxx-framework\src\traditional\stdclib\vfprintf.c
                  __pa_10   0x0049c2    program     static E:\3.46\pic18-lt\cxx-framework\src\traditional\stdclib\vfprintf.c
                  __pa_11   0x0049d0    program     static E:\3.46\pic18-lt\cxx-framework\src\traditional\stdclib\vfprintf.c
                  __pa_12   0x0049e6    program     static E:\3.46\pic18-lt\cxx-framework\src\traditional\stdclib\vfprintf.c
                  __pa_13   0x004a00    program     static E:\3.46\pic18-lt\cxx-framework\src\traditional\stdclib\vfprintf.c
                  __pa_14   0x004a18    program     static E:\3.46\pic18-lt\cxx-framework\src\traditional\stdclib\vfprintf.c
                  __pa_15   0x004a28    program     static E:\3.46\pic18-lt\cxx-framework\src\traditional\stdclib\vfprintf.c
[...]
                    PORTD   0x000f83       data     extern E:\3.46\pic18-lt\cxx-framework\src\traditional\proc\p18f452.asm
                PORTDbits   0x000f83       data     extern E:\3.46\pic18-lt\cxx-framework\src\traditional\proc\p18f452.asm
                    PORTE   0x000f84       data     extern E:\3.46\pic18-lt\cxx-framework\src\traditional\proc\p18f452.asm
                PORTEbits   0x000f84       data     extern E:\3.46\pic18-lt\cxx-framework\src\traditional\proc\p18f452.asm
                     LATA   0x000f89       data     extern E:\3.46\pic18-lt\cxx-framework\src\traditional\proc\p18f452.asm
                 LATAbits   0x000f89       data     extern E:\3.46\pic18-lt\cxx-framework\src\traditional\proc\p18f452.asm
                 LATBbits   0x000f8a       data     extern E:\3.46\pic18-lt\cxx-framework\src\traditional\proc\p18f452.asm
                     LATB   0x000f8a       data     extern E:\3.46\pic18-lt\cxx-framework\src\traditional\proc\p18f452.asm
                     LATC   0x000f8b       data     extern E:\3.46\pic18-lt\cxx-framework\src\traditional\proc\p18f452.asm
                 LATCbits   0x000f8b       data     extern E:\3.46\pic18-lt\cxx-framework\src\traditional\proc\p18f452.asm
                     LATD   0x000f8c       data     extern E:\3.46\pic18-lt\cxx-framework\src\traditional\proc\p18f452.asm
                 LATDbits   0x000f8c       data     extern E:\3.46\pic18-lt\cxx-framework\src\traditional\proc\p18f452.asm
                     LATE   0x000f8d       data     extern E:\3.46\pic18-lt\cxx-framework\src\traditional\proc\p18f452.asm
                 LATEbits   0x000f8d       data     extern E:\3.46\pic18-lt\cxx-framework\src\traditional\proc\p18f452.asm
                    TRISA   0x000f92       data     extern E:\3.46\pic18-lt\cxx-framework\src\traditional\proc\p18f452.asm
                TRISAbits   0x000f92       data     extern E:\3.46\pic18-lt\cxx-framework\src\traditional\proc\p18f452.asm
                     DDRA   0x000f92       data     extern E:\3.46\pic18-lt\cxx-framework\src\traditional\proc\p18f452.asm
                 DDRAbits   0x000f92       data     extern E:\3.46\pic18-lt\cxx-framework\src\traditional\proc\p18f452.asm
                     DDRB   0x000f93       data     extern E:\3.46\pic18-lt\cxx-framework\src\traditional\proc\p18f452.asm
                 DDRBbits   0x000f93       data     extern E:\3.46\pic18-lt\cxx-framework\src\traditional\proc\p18f452.asm
                    TRISB   0x000f93       data     extern E:\3.46\pic18-lt\cxx-framework\src\traditional\proc\p18f452.asm
                TRISBbits   0x000f93       data     extern E:\3.46\pic18-lt\cxx-framework\src\traditional\proc\p18f452.asm
                     DDRC   0x000f94       data     extern E:\3.46\pic18-lt\cxx-framework\src\traditional\proc\p18f452.asm
                 DDRCbits   0x000f94       data     extern E:\3.46\pic18-lt\cxx-framework\src\traditional\proc\p18f452.asm
                    TRISC   0x000f94       data     extern E:\3.46\pic18-lt\cxx-framework\src\traditional\proc\p18f452.asm
                TRISCbits   0x000f94       data     extern E:\3.46\pic18-lt\cxx-framework\src\traditional\proc\p18f452.asm
                 DDRDbits   0x000f95       data     extern E:\3.46\pic18-lt\cxx-framework\src\traditional\proc\p18f452.asm
                     DDRD   0x000f95       data     extern E:\3.46\pic18-lt\cxx-framework\src\traditional\proc\p18f452.asm
                TRISDbits   0x000f95       data     extern E:\3.46\pic18-lt\cxx-framework\src\traditional\proc\p18f452.asm
                    TRISD   0x000f95       data     extern E:\3.46\pic18-lt\cxx-framework\src\traditional\proc\p18f452.asm
                 DDREbits   0x000f96       data     extern E:\3.46\pic18-lt\cxx-framework\src\traditional\proc\p18f452.asm
                TRISEbits   0x000f96       data     extern E:\3.46\pic18-lt\cxx-framework\src\traditional\proc\p18f452.asm
                     DDRE   0x000f96       data     extern E:\3.46\pic18-lt\cxx-framework\src\traditional\proc\p18f452.asm
                    TRISE   0x000f96       data     extern E:\3.46\pic18-lt\cxx-framework\src\traditional\proc\p18f452.asm
                 PIE1bits   0x000f9d       data     extern E:\3.46\pic18-lt\cxx-framework\src\traditional\proc\p18f452.asm
                     PIE1   0x000f9d       data     extern E:\3.46\pic18-lt\cxx-framework\src\traditional\proc\p18f452.asm
                     PIR1   0x000f9e       data     extern E:\3.46\pic18-lt\cxx-framework\src\traditional\proc\p18f452.asm
                 PIR1bits   0x000f9e       data     extern E:\3.46\pic18-lt\cxx-framework\src\traditional\proc\p18f452.asm
                 IPR1bits   0x000f9f       data     extern E:\3.46\pic18-lt\cxx-framework\src\traditional\proc\p18f452.asm
                     IPR1   0x000f9f       data     extern E:\3.46\pic18-lt\cxx-framework\src\traditional\proc\p18f452.asm
                 PIE2bits   0x000fa0       data     extern E:\3.46\pic18-lt\cxx-framework\src\traditional\proc\p18f452.asm
                     PIE2   0x000fa0       data     extern E:\3.46\pic18-lt\cxx-framework\src\traditional\proc\p18f452.asm
                 PIR2bits   0x000fa1       data     extern E:\3.46\pic18-lt\cxx-framework\src\traditional\proc\p18f452.asm
                     PIR2   0x000fa1       data     extern E:\3.46\pic18-lt\cxx-framework\src\traditional\proc\p18f452.asm
                 IPR2bits   0x000fa2       data     extern E:\3.46\pic18-lt\cxx-framework\src\traditional\proc\p18f452.asm
                     IPR2   0x000fa2       data     extern E:\3.46\pic18-lt\cxx-framework\src\traditional\proc\p18f452.asm
               EECON1bits   0x000fa6       data     extern E:\3.46\pic18-lt\cxx-framework\src\traditional\proc\p18f452.asm
                   EECON1   0x000fa6       data     extern E:\3.46\pic18-lt\cxx-framework\src\traditional\proc\p18f452.asm
                   EECON2   0x000fa7       data     extern E:\3.46\pic18-lt\cxx-framework\src\traditional\proc\p18f452.asm
                   EEDATA   0x000fa8       data     extern E:\3.46\pic18-lt\cxx-framework\src\traditional\proc\p18f452.asm
                    EEADR   0x000fa9       data     extern E:\3.46\pic18-lt\cxx-framework\src\traditional\proc\p18f452.asm
                    RCSTA   0x000fab       data     extern E:\3.46\pic18-lt\cxx-framework\src\traditional\proc\p18f452.asm
                RCSTAbits   0x000fab       data     extern E:\3.46\pic18-lt\cxx-framework\src\traditional\proc\p18f452.asm
                TXSTAbits   0x000fac       data     extern E:\3.46\pic18-lt\cxx-framework\src\traditional\proc\p18f452.asm
                    TXSTA   0x000fac       data     extern E:\3.46\pic18-lt\cxx-framework\src\traditional\proc\p18f452.asm
                    TXREG   0x000fad       data     extern E:\3.46\pic18-lt\cxx-framework\src\traditional\proc\p18f452.asm
                    RCREG   0x000fae       data     extern E:\3.46\pic18-lt\cxx-framework\src\traditional\proc\p18f452.asm
                    SPBRG   0x000faf       data     extern E:\3.46\pic18-lt\cxx-framework\src\traditional\proc\p18f452.asm
                T3CONbits   0x000fb1       data     extern E:\3.46\pic18-lt\cxx-framework\src\traditional\proc\p18f452.asm
                    T3CON   0x000fb1       data     extern E:\3.46\pic18-lt\cxx-framework\src\traditional\proc\p18f452.asm
                    TMR3L   0x000fb2       data     extern E:\3.46\pic18-lt\cxx-framework\src\traditional\proc\p18f452.asm
                    TMR3H   0x000fb3       data     extern E:\3.46\pic18-lt\cxx-framework\src\traditional\proc\p18f452.asm
                  CCP2CON   0x000fba       data     extern E:\3.46\pic18-lt\cxx-framework\src\traditional\proc\p18f452.asm
              CCP2CONbits   0x000fba       data     extern E:\3.46\pic18-lt\cxx-framework\src\traditional\proc\p18f452.asm
                    CCPR2   0x000fbb       data     extern E:\3.46\pic18-lt\cxx-framework\src\traditional\proc\p18f452.asm
                   CCPR2L   0x000fbb       data     extern E:\3.46\pic18-lt\cxx-framework\src\traditional\proc\p18f452.asm
                   CCPR2H   0x000fbc       data     extern E:\3.46\pic18-lt\cxx-framework\src\traditional\proc\p18f452.asm
                  CCP1CON   0x000fbd       data     extern E:\3.46\pic18-lt\cxx-framework\src\traditional\proc\p18f452.asm
              CCP1CONbits   0x000fbd       data     extern E:\3.46\pic18-lt\cxx-framework\src\traditional\proc\p18f452.asm
                    CCPR1   0x000fbe       data     extern E:\3.46\pic18-lt\cxx-framework\src\traditional\proc\p18f452.asm
                   CCPR1L   0x000fbe       data     extern E:\3.46\pic18-lt\cxx-framework\src\traditional\proc\p18f452.asm
                   CCPR1H   0x000fbf       data     extern E:\3.46\pic18-lt\cxx-framework\src\traditional\proc\p18f452.asm
               ADCON1bits   0x000fc1       data     extern E:\3.46\pic18-lt\cxx-framework\src\traditional\proc\p18f452.asm
                   ADCON1   0x000fc1       data     extern E:\3.46\pic18-lt\cxx-framework\src\traditional\proc\p18f452.asm
                   ADCON0   0x000fc2       data     extern E:\3.46\pic18-lt\cxx-framework\src\traditional\proc\p18f452.asm
               ADCON0bits   0x000fc2       data     extern E:\3.46\pic18-lt\cxx-framework\src\traditional\proc\p18f452.asm
                    ADRES   0x000fc3       data     extern E:\3.46\pic18-lt\cxx-framework\src\traditional\proc\p18f452.asm
                   ADRESL   0x000fc3       data     extern E:\3.46\pic18-lt\cxx-framework\src\traditional\proc\p18f452.asm
                   ADRESH   0x000fc4       data     extern E:\3.46\pic18-lt\cxx-framework\src\traditional\proc\p18f452.asm
                  SSPCON2   0x000fc5       data     extern E:\3.46\pic18-lt\cxx-framework\src\traditional\proc\p18f452.asm
              SSPCON2bits   0x000fc5       data     extern E:\3.46\pic18-lt\cxx-framework\src\traditional\proc\p18f452.asm
              SSPCON1bits   0x000fc6       data     extern E:\3.46\pic18-lt\cxx-framework\src\traditional\proc\p18f452.asm
                  SSPCON1   0x000fc6       data     extern E:\3.46\pic18-lt\cxx-framework\src\traditional\proc\p18f452.asm
                  SSPSTAT   0x000fc7       data     extern E:\3.46\pic18-lt\cxx-framework\src\traditional\proc\p18f452.asm
              SSPSTATbits   0x000fc7       data     extern E:\3.46\pic18-lt\cxx-framework\src\traditional\proc\p18f452.asm
                   SSPADD   0x000fc8       data     extern E:\3.46\pic18-lt\cxx-framework\src\traditional\proc\p18f452.asm
                   SSPBUF   0x000fc9       data     extern E:\3.46\pic18-lt\cxx-framework\src\traditional\proc\p18f452.asm
                T2CONbits   0x000fca       data     extern E:\3.46\pic18-lt\cxx-framework\src\traditional\proc\p18f452.asm
                    T2CON   0x000fca       data     extern E:\3.46\pic18-lt\cxx-framework\src\traditional\proc\p18f452.asm
                      PR2   0x000fcb       data     extern E:\3.46\pic18-lt\cxx-framework\src\traditional\proc\p18f452.asm
                     TMR2   0x000fcc       data     extern E:\3.46\pic18-lt\cxx-framework\src\traditional\proc\p18f452.asm
                T1CONbits   0x000fcd       data     extern E:\3.46\pic18-lt\cxx-framework\src\traditional\proc\p18f452.asm
                    T1CON   0x000fcd       data     extern E:\3.46\pic18-lt\cxx-framework\src\traditional\proc\p18f452.asm
                    TMR1L   0x000fce       data     extern E:\3.46\pic18-lt\cxx-framework\src\traditional\proc\p18f452.asm
                    TMR1H   0x000fcf       data     extern E:\3.46\pic18-lt\cxx-framework\src\traditional\proc\p18f452.asm
                     RCON   0x000fd0       data     extern E:\3.46\pic18-lt\cxx-framework\src\traditional\proc\p18f452.asm
                 RCONbits   0x000fd0       data     extern E:\3.46\pic18-lt\cxx-framework\src\traditional\proc\p18f452.asm
                   WDTCON   0x000fd1       data     extern E:\3.46\pic18-lt\cxx-framework\src\traditional\proc\p18f452.asm
               WDTCONbits   0x000fd1       data     extern E:\3.46\pic18-lt\cxx-framework\src\traditional\proc\p18f452.asm
                   LVDCON   0x000fd2       data     extern E:\3.46\pic18-lt\cxx-framework\src\traditional\proc\p18f452.asm
               LVDCONbits   0x000fd2       data     extern E:\3.46\pic18-lt\cxx-framework\src\traditional\proc\p18f452.asm
                   OSCCON   0x000fd3       data     extern E:\3.46\pic18-lt\cxx-framework\src\traditional\proc\p18f452.asm
               OSCCONbits   0x000fd3       data     extern E:\3.46\pic18-lt\cxx-framework\src\traditional\proc\p18f452.asm
                    T0CON   0x000fd5       data     extern E:\3.46\pic18-lt\cxx-framework\src\traditional\proc\p18f452.asm
                T0CONbits   0x000fd5       data     extern E:\3.46\pic18-lt\cxx-framework\src\traditional\proc\p18f452.asm
                    TMR0L   0x000fd6       data     extern E:\3.46\pic18-lt\cxx-framework\src\traditional\proc\p18f452.asm
                    TMR0H   0x000fd7       data     extern E:\3.46\pic18-lt\cxx-framework\src\traditional\proc\p18f452.asm
               STATUSbits   0x000fd8       data     extern E:\3.46\pic18-lt\cxx-framework\src\traditional\proc\p18f452.asm
                   STATUS   0x000fd8       data     extern E:\3.46\pic18-lt\cxx-framework\src\traditional\proc\p18f452.asm
                     FSR2   0x000fd9       data     extern E:\3.46\pic18-lt\cxx-framework\src\traditional\proc\p18f452.asm
                    FSR2L   0x000fd9       data     extern E:\3.46\pic18-lt\cxx-framework\src\traditional\proc\p18f452.asm
                    FSR2H   0x000fda       data     extern E:\3.46\pic18-lt\cxx-framework\src\traditional\proc\p18f452.asm
                   PLUSW2   0x000fdb       data     extern E:\3.46\pic18-lt\cxx-framework\src\traditional\proc\p18f452.asm
                  PREINC2   0x000fdc       data     extern E:\3.46\pic18-lt\cxx-framework\src\traditional\proc\p18f452.asm
                 POSTDEC2   0x000fdd       data     extern E:\3.46\pic18-lt\cxx-framework\src\traditional\proc\p18f452.asm
                 POSTINC2   0x000fde       data     extern E:\3.46\pic18-lt\cxx-framework\src\traditional\proc\p18f452.asm
                    INDF2   0x000fdf       data     extern E:\3.46\pic18-lt\cxx-framework\src\traditional\proc\p18f452.asm
                      BSR   0x000fe0       data     extern E:\3.46\pic18-lt\cxx-framework\src\traditional\proc\p18f452.asm
                     FSR1   0x000fe1       data     extern E:\3.46\pic18-lt\cxx-framework\src\traditional\proc\p18f452.asm
                    FSR1L   0x000fe1       data     extern E:\3.46\pic18-lt\cxx-framework\src\traditional\proc\p18f452.asm
                    FSR1H   0x000fe2       data     extern E:\3.46\pic18-lt\cxx-framework\src\traditional\proc\p18f452.asm
                   PLUSW1   0x000fe3       data     extern E:\3.46\pic18-lt\cxx-framework\src\traditional\proc\p18f452.asm
                  PREINC1   0x000fe4       data     extern E:\3.46\pic18-lt\cxx-framework\src\traditional\proc\p18f452.asm
                 POSTDEC1   0x000fe5       data     extern E:\3.46\pic18-lt\cxx-framework\src\traditional\proc\p18f452.asm
                 POSTINC1   0x000fe6       data     extern E:\3.46\pic18-lt\cxx-framework\src\traditional\proc\p18f452.asm
                    INDF1   0x000fe7       data     extern E:\3.46\pic18-lt\cxx-framework\src\traditional\proc\p18f452.asm
                     WREG   0x000fe8       data     extern E:\3.46\pic18-lt\cxx-framework\src\traditional\proc\p18f452.asm
                        W   0x000fe8       data     extern E:\3.46\pic18-lt\cxx-framework\src\traditional\proc\p18f452.asm
                     FSR0   0x000fe9       data     extern E:\3.46\pic18-lt\cxx-framework\src\traditional\proc\p18f452.asm
                    FSR0L   0x000fe9       data     extern E:\3.46\pic18-lt\cxx-framework\src\traditional\proc\p18f452.asm
                    FSR0H   0x000fea       data     extern E:\3.46\pic18-lt\cxx-framework\src\traditional\proc\p18f452.asm
                   PLUSW0   0x000feb       data     extern E:\3.46\pic18-lt\cxx-framework\src\traditional\proc\p18f452.asm
                  PREINC0   0x000fec       data     extern E:\3.46\pic18-lt\cxx-framework\src\traditional\proc\p18f452.asm
                 POSTDEC0   0x000fed       data     extern E:\3.46\pic18-lt\cxx-framework\src\traditional\proc\p18f452.asm
                 POSTINC0   0x000fee       data     extern E:\3.46\pic18-lt\cxx-framework\src\traditional\proc\p18f452.asm
                    INDF0   0x000fef       data     extern E:\3.46\pic18-lt\cxx-framework\src\traditional\proc\p18f452.asm
              INTCON3bits   0x000ff0       data     extern E:\3.46\pic18-lt\cxx-framework\src\traditional\proc\p18f452.asm
                  INTCON3   0x000ff0       data     extern E:\3.46\pic18-lt\cxx-framework\src\traditional\proc\p18f452.asm
              INTCON2bits   0x000ff1       data     extern E:\3.46\pic18-lt\cxx-framework\src\traditional\proc\p18f452.asm
                  INTCON2   0x000ff1       data     extern E:\3.46\pic18-lt\cxx-framework\src\traditional\proc\p18f452.asm
                   INTCON   0x000ff2       data     extern E:\3.46\pic18-lt\cxx-framework\src\traditional\proc\p18f452.asm
                  INTCON1   0x000ff2       data     extern E:\3.46\pic18-lt\cxx-framework\src\traditional\proc\p18f452.asm
              INTCON1bits   0x000ff2       data     extern E:\3.46\pic18-lt\cxx-framework\src\traditional\proc\p18f452.asm
               INTCONbits   0x000ff2       data     extern E:\3.46\pic18-lt\cxx-framework\src\traditional\proc\p18f452.asm
                    PRODL   0x000ff3       data     extern E:\3.46\pic18-lt\cxx-framework\src\traditional\proc\p18f452.asm
                     PROD   0x000ff3       data     extern E:\3.46\pic18-lt\cxx-framework\src\traditional\proc\p18f452.asm
                    PRODH   0x000ff4       data     extern E:\3.46\pic18-lt\cxx-framework\src\traditional\proc\p18f452.asm
                   TABLAT   0x000ff5       data     extern E:\3.46\pic18-lt\cxx-framework\src\traditional\proc\p18f452.asm
                  TBLPTRL   0x000ff6       data     extern E:\3.46\pic18-lt\cxx-framework\src\traditional\proc\p18f452.asm
                   TBLPTR   0x000ff6       data     extern E:\3.46\pic18-lt\cxx-framework\src\traditional\proc\p18f452.asm
                  TBLPTRH   0x000ff7       data     extern E:\3.46\pic18-lt\cxx-framework\src\traditional\proc\p18f452.asm
                  TBLPTRU   0x000ff8       data     extern E:\3.46\pic18-lt\cxx-framework\src\traditional\proc\p18f452.asm
                       PC   0x000ff9       data     extern E:\3.46\pic18-lt\cxx-framework\src\traditional\proc\p18f452.asm
                      PCL   0x000ff9       data     extern E:\3.46\pic18-lt\cxx-framework\src\traditional\proc\p18f452.asm
                   PCLATH   0x000ffa       data     extern E:\3.46\pic18-lt\cxx-framework\src\traditional\proc\p18f452.asm
                   PCLATU   0x000ffb       data     extern E:\3.46\pic18-lt\cxx-framework\src\traditional\proc\p18f452.asm
               STKPTRbits   0x000ffc       data     extern E:\3.46\pic18-lt\cxx-framework\src\traditional\proc\p18f452.asm
                   STKPTR   0x000ffc       data     extern E:\3.46\pic18-lt\cxx-framework\src\traditional\proc\p18f452.asm
                      TOS   0x000ffd       data     extern E:\3.46\pic18-lt\cxx-framework\src\traditional\proc\p18f452.asm
                     TOSL   0x000ffd       data     extern E:\3.46\pic18-lt\cxx-framework\src\traditional\proc\p18f452.asm
                     TOSH   0x000ffe       data     extern E:\3.46\pic18-lt\cxx-framework\src\traditional\proc\p18f452.asm
                     TOSU   0x000fff       data     extern E:\3.46\pic18-lt\cxx-framework\src\traditional\proc\p18f452.asm


